******************************************************************************
                  MSP430 Linker PC v21.6.1                     
******************************************************************************
>> Linked Sun Feb 16 19:24:19 2025

OUTPUT FILE NAME:   <final-micros.out>
ENTRY POINT SYMBOL: "_c_int00_noargs"  address: 0000c576


MEMORY CONFIGURATION

         name            origin    length      used     unused   attr    fill
----------------------  --------  ---------  --------  --------  ----  --------
  SFR                   00000000   00000010  00000000  00000010  RWIX
  PERIPHERALS_8BIT      00000010   000000f0  00000000  000000f0  RWIX
  PERIPHERALS_16BIT     00000100   00000100  00000000  00000100  RWIX
  RAM                   00000200   00000200  00000107  000000f9  RWIX
  INFOD                 00001000   00000040  00000000  00000040  RWIX
  INFOC                 00001040   00000040  00000000  00000040  RWIX
  INFOB                 00001080   00000040  00000000  00000040  RWIX
  INFOA                 000010c0   00000040  00000000  00000040  RWIX
  FLASH                 0000c000   00003fde  000006c2  0000391c  RWIX
  BSLSIGNATURE          0000ffde   00000002  00000002  00000000  RWIX  ffff 
  INT00                 0000ffe0   00000002  00000002  00000000  RWIX
  INT01                 0000ffe2   00000002  00000000  00000002  RWIX
  INT02                 0000ffe4   00000002  00000002  00000000  RWIX
  INT03                 0000ffe6   00000002  00000002  00000000  RWIX
  INT04                 0000ffe8   00000002  00000000  00000002  RWIX
  INT05                 0000ffea   00000002  00000002  00000000  RWIX
  INT06                 0000ffec   00000002  00000002  00000000  RWIX
  INT07                 0000ffee   00000002  00000002  00000000  RWIX
  INT08                 0000fff0   00000002  00000002  00000000  RWIX
  INT09                 0000fff2   00000002  00000002  00000000  RWIX
  INT10                 0000fff4   00000002  00000002  00000000  RWIX
  INT11                 0000fff6   00000002  00000002  00000000  RWIX
  INT12                 0000fff8   00000002  00000002  00000000  RWIX
  INT13                 0000fffa   00000002  00000002  00000000  RWIX
  INT14                 0000fffc   00000002  00000002  00000000  RWIX
  RESET                 0000fffe   00000002  00000002  00000000  RWIX


SECTION ALLOCATION MAP

 output                                  attributes/
section   page    origin      length       input sections
--------  ----  ----------  ----------   ----------------
.bss       0    00000200    0000005a     UNINITIALIZED
                  00000200    00000040     timer.obj (.bss:timers)
                  00000240    00000014     cqueue.obj (.bss:buffer)
                  00000254    00000006     cqueue.obj (.bss)

.data      0    000002ac    0000000d     UNINITIALIZED
                  000002ac    00000008     main.obj (.data)
                  000002b4    00000003     rti.obj (.data)
                  000002b7    00000002     timer.obj (.data)

.sysmem    0    0000025c    00000050     UNINITIALIZED
                  0000025c    00000008     rts430_eabi.lib : memory.c.obj (.sysmem)
                  00000264    00000048     --HOLE--

.stack     0    000003b0    00000050     UNINITIALIZED
                  000003b0    00000002     rts430_eabi.lib : boot.c.obj (.stack)
                  000003b2    0000004e     --HOLE--

.text      0    0000c000    000006a2     
                  0000c000    000000e0     gpio.obj (.text:gpioMode)
                  0000c0e0    000000d6     timer.obj (.text:timer_isr)
                  0000c1b6    00000082     timer.obj (.text:timerStart)
                  0000c238    0000007c     rts430_eabi.lib : copy_decompress_lzss.c.obj (.text:decompress:lzss:__TI_decompress_lzss)
                  0000c2b4    00000060     gpio.obj (.text:gpioWrite)
                  0000c314    0000004c     rts430_eabi.lib : lsr16.asm.obj (.text)
                  0000c360    00000044     UART.obj (.text:uart_init)
                  0000c3a4    00000042     rts430_eabi.lib : autoinit.c.obj (.text:__TI_auto_init_nobinit_nopinit:__TI_auto_init_nobinit_nopinit)
                  0000c3e6    00000032     cqueue.obj (.text:PushQueue)
                  0000c418    0000002e     main.obj (.text:AppInit)
                  0000c446    0000002e     cqueue.obj (.text:PullQueue)
                  0000c474    0000002c     rts430_eabi.lib : asr16.asm.obj (.text)
                  0000c4a0    0000002c                     : lsl16.asm.obj (.text)
                  0000c4cc    00000028     UART.obj (.text:uart_rx_isr)
                  0000c4f4    00000024     rti.obj (.text:rtiInit)
                  0000c518    00000020     commpc.obj (.text:LED_status)
                  0000c538    00000020     rti.obj (.text:rti_isr)
                  0000c558    0000001e     system.obj (.text:systemInitFirst)
                  0000c576    0000001c     rts430_eabi.lib : boot.c.obj (.text:_c_int00_noargs)
                  0000c592    0000001a     main.obj (.text:main)
                  0000c5ac    00000018     timer.obj (.text:timerGetId)
                  0000c5c4    00000018     system.obj (.text:timer_set_init)
                  0000c5dc    00000016     commpc.obj (.text:LED_conectionStatus_init)
                  0000c5f2    00000014     rts430_eabi.lib : copy_zero_init.c.obj (.text:decompress:ZI:__TI_zero_init_nomemset:__TI_zero_init_nomemset)
                  0000c606    00000014     timer.obj (.text:timerInit)
                  0000c61a    00000012     cqueue.obj (.text:QueueInit)
                  0000c62c    00000012     rts430_eabi.lib : copy_decompress_none.c.obj (.text:decompress:none:__TI_decompress_none)
                  0000c63e    00000012                     : memcpy.c.obj (.text:memcpy)
                  0000c650    00000010     commpc.obj (.text:check_comm)
                  0000c660    00000010     rts430_eabi.lib : epilog.asm.obj (.text)
                  0000c670    0000000e     UART.obj (.text:uart_get_char)
                  0000c67e    0000000c     system.obj (.text:step_on)
                  0000c68a    00000008     rts430_eabi.lib : isr_trap.asm.obj (.text:_isr:__TI_ISR_TRAP)
                  0000c692    00000006                     : exit.c.obj (.text:abort)
                  0000c698    00000004                     : pre_init.c.obj (.text:_system_pre_init)
                  0000c69c    00000004     system.obj (.text:systemInitLast)
                  0000c6a0    00000002     rts430_eabi.lib : startup.c.obj (.text:_system_post_cinit)

.cinit     0    0000c6a2    00000020     
                  0000c6a2    0000000e     (.cinit..data.load) [load image, compression = lzss]
                  0000c6b0    00000006     (__TI_handler_table)
                  0000c6b6    00000004     (.cinit..bss.load) [load image, compression = zero_init]
                  0000c6ba    00000008     (__TI_cinit_table)

.binit     0    0000c000    00000000     

.init_array 
*          0    0000c000    00000000     UNINITIALIZED

TRAPINT    0    0000ffe0    00000002     
                  0000ffe0    00000002     rts430_eabi.lib : int00.asm.obj (.int00)

PORT1      0    0000ffe4    00000002     
                  0000ffe4    00000002     rts430_eabi.lib : int02.asm.obj (.int02)

PORT2      0    0000ffe6    00000002     
                  0000ffe6    00000002     rts430_eabi.lib : int03.asm.obj (.int03)

ADC10      0    0000ffea    00000002     
                  0000ffea    00000002     rts430_eabi.lib : int05.asm.obj (.int05)

USCIAB0TX 
*          0    0000ffec    00000002     
                  0000ffec    00000002     rts430_eabi.lib : int06.asm.obj (.int06)

USCIAB0RX 
*          0    0000ffee    00000002     
                  0000ffee    00000002     UART.obj (.int07)

TIMER0_A1 
*          0    0000fff0    00000002     
                  0000fff0    00000002     rts430_eabi.lib : int08.asm.obj (.int08)

TIMER0_A0 
*          0    0000fff2    00000002     
                  0000fff2    00000002     rts430_eabi.lib : int09.asm.obj (.int09)

WDT        0    0000fff4    00000002     
                  0000fff4    00000002     rti.obj (.int10)

COMPARATORA 
*          0    0000fff6    00000002     
                  0000fff6    00000002     rts430_eabi.lib : int11.asm.obj (.int11)

TIMER1_A1 
*          0    0000fff8    00000002     
                  0000fff8    00000002     rts430_eabi.lib : int12.asm.obj (.int12)

TIMER1_A0 
*          0    0000fffa    00000002     
                  0000fffa    00000002     rts430_eabi.lib : int13.asm.obj (.int13)

NMI        0    0000fffc    00000002     
                  0000fffc    00000002     rts430_eabi.lib : int14.asm.obj (.int14)

.reset     0    0000fffe    00000002     
                  0000fffe    00000002     rts430_eabi.lib : boot.c.obj (.reset)

$fill000   0    0000ffde    00000002     
                  0000ffde    00000002     --HOLE-- [fill = ffff]

MODULE SUMMARY

       Module                       code   ro data   rw data
       ------                       ----   -------   -------
    .\
       timer.obj                    388    0         66     
       gpio.obj                     320    0         0      
       cqueue.obj                   114    0         26     
       UART.obj                     122    2         0      
       main.obj                     72     0         8      
       rti.obj                      68     2         3      
       commpc.obj                   70     0         0      
       system.obj                   70     0         0      
    +--+----------------------------+------+---------+---------+
       Total:                       1224   4         103    
                                                            
    C:\ti\ccs1250\ccs\tools\compiler\ti-cgt-msp430_21.6.1.LTS\lib\rts430_eabi.lib
       copy_decompress_lzss.c.obj   124    0         0      
       lsr16.asm.obj                76     0         0      
       autoinit.c.obj               66     0         0      
       asr16.asm.obj                44     0         0      
       lsl16.asm.obj                44     0         0      
       boot.c.obj                   28     2         0      
       copy_zero_init.c.obj         20     0         0      
       copy_decompress_none.c.obj   18     0         0      
       memcpy.c.obj                 18     0         0      
       epilog.asm.obj               16     0         0      
       isr_trap.asm.obj             8      0         0      
       exit.c.obj                   6      0         0      
       pre_init.c.obj               4      0         0      
       int00.asm.obj                0      2         0      
       int02.asm.obj                0      2         0      
       int03.asm.obj                0      2         0      
       int05.asm.obj                0      2         0      
       int06.asm.obj                0      2         0      
       int08.asm.obj                0      2         0      
       int09.asm.obj                0      2         0      
       int11.asm.obj                0      2         0      
       int12.asm.obj                0      2         0      
       int13.asm.obj                0      2         0      
       int14.asm.obj                0      2         0      
       startup.c.obj                2      0         0      
    +--+----------------------------+------+---------+---------+
       Total:                       474    24        0      
                                                            
       Heap:                        0      0         80     
       Stack:                       0      0         80     
       Linker Generated:            0      32        0      
    +--+----------------------------+------+---------+---------+
       Grand Total:                 1698   60        263    


LINKER GENERATED COPY TABLES

__TI_cinit_table @ 0000c6ba records: 2, size/record: 4, table size: 8
	.data: load addr=0000c6a2, load size=0000000e bytes, run addr=000002ac, run size=0000000d bytes, compression=lzss
	.bss: load addr=0000c6b6, load size=00000004 bytes, run addr=00000200, run size=0000005a bytes, compression=zero_init


LINKER GENERATED HANDLER TABLE

__TI_handler_table @ 0000c6b0 records: 3, size/record: 2, table size: 6
	index: 0, handler: __TI_zero_init
	index: 1, handler: __TI_decompress_lzss
	index: 2, handler: __TI_decompress_none


GLOBAL SYMBOLS: SORTED ALPHABETICALLY BY Name 

address   name                          
-------   ----                          
0000004a  ADC10AE0                      
000001b0  ADC10CTL0                     
000001b2  ADC10CTL1                     
00000048  ADC10DTC0                     
00000049  ADC10DTC1                     
000001b4  ADC10MEM                      
000001bc  ADC10SA                       
0000c418  AppInit                       
00000057  BCSCTL1                       
00000058  BCSCTL2                       
00000053  BCSCTL3                       
0000c692  C$$EXIT                       
00000059  CACTL1                        
0000005a  CACTL2                        
000010fb  CALBC1_12MHZ                  
000010f9  CALBC1_16MHZ                  
000010ff  CALBC1_1MHZ                   
000010fd  CALBC1_8MHZ                   
000010fa  CALDCO_12MHZ                  
000010f8  CALDCO_16MHZ                  
000010fe  CALDCO_1MHZ                   
000010fc  CALDCO_8MHZ                   
0000005b  CAPD                          
00000056  DCOCTL                        
00000128  FCTL1                         
0000012a  FCTL2                         
0000012c  FCTL3                         
00000000  IE1                           
00000001  IE2                           
00000002  IFG1                          
00000003  IFG2                          
0000c5dc  LED_conectionStatus_init      
0000c518  LED_status                    
00000022  P1DIR                         
00000025  P1IE                          
00000024  P1IES                         
00000023  P1IFG                         
00000020  P1IN                          
00000021  P1OUT                         
00000027  P1REN                         
00000026  P1SEL                         
00000041  P1SEL2                        
0000002a  P2DIR                         
0000002d  P2IE                          
0000002c  P2IES                         
0000002b  P2IFG                         
00000028  P2IN                          
00000029  P2OUT                         
0000002f  P2REN                         
0000002e  P2SEL                         
00000042  P2SEL2                        
0000001a  P3DIR                         
00000018  P3IN                          
00000019  P3OUT                         
00000010  P3REN                         
0000001b  P3SEL                         
00000043  P3SEL2                        
0000c446  PullQueue                     
0000c3e6  PushQueue                     
0000c61a  QueueInit                     
00000172  TA0CCR0                       
00000174  TA0CCR1                       
00000176  TA0CCR2                       
00000162  TA0CCTL0                      
00000164  TA0CCTL1                      
00000166  TA0CCTL2                      
00000160  TA0CTL                        
0000012e  TA0IV                         
00000170  TA0R                          
00000192  TA1CCR0                       
00000194  TA1CCR1                       
00000196  TA1CCR2                       
00000182  TA1CCTL0                      
00000184  TA1CCTL1                      
00000186  TA1CCTL2                      
00000180  TA1CTL                        
0000011e  TA1IV                         
00000190  TA1R                          
000010db  TLV_ADC10_1_LEN               
000010da  TLV_ADC10_1_TAG               
000010c0  TLV_CHECKSUM                  
000010f7  TLV_DCO_30_LEN                
000010f6  TLV_DCO_30_TAG                
0000005d  UCA0ABCTL                     
00000062  UCA0BR0                       
00000063  UCA0BR1                       
00000060  UCA0CTL0                      
00000061  UCA0CTL1                      
0000005f  UCA0IRRCTL                    
0000005e  UCA0IRTCTL                    
00000064  UCA0MCTL                      
00000066  UCA0RXBUF                     
00000065  UCA0STAT                      
00000067  UCA0TXBUF                     
0000006a  UCB0BR0                       
0000006b  UCB0BR1                       
00000068  UCB0CTL0                      
00000069  UCB0CTL1                      
0000006c  UCB0I2CIE                     
00000118  UCB0I2COA                     
0000011a  UCB0I2CSA                     
0000006e  UCB0RXBUF                     
0000006d  UCB0STAT                      
0000006f  UCB0TXBUF                     
00000120  WDTCTL                        
00000400  __STACK_END                   
00000050  __STACK_SIZE                  
00000050  __SYSMEM_SIZE                 
0000c6ba  __TI_CINIT_Base               
0000c6c2  __TI_CINIT_Limit              
0000c6c2  __TI_CINIT_Warm               
0000c6b0  __TI_Handler_Table_Base       
0000c6b6  __TI_Handler_Table_Limit      
0000c68a  __TI_ISR_TRAP                 
0000c3a4  __TI_auto_init_nobinit_nopinit
0000c238  __TI_decompress_lzss          
0000c62c  __TI_decompress_none          
0000ffe0  __TI_int00                    
0000ffe4  __TI_int02                    
0000ffe6  __TI_int03                    
0000ffea  __TI_int05                    
0000ffec  __TI_int06                    
0000ffee  __TI_int07                    
0000fff0  __TI_int08                    
0000fff2  __TI_int09                    
0000fff4  __TI_int10                    
0000fff6  __TI_int11                    
0000fff8  __TI_int12                    
0000fffa  __TI_int13                    
0000fffc  __TI_int14                    
ffffffff  __TI_pprof_out_hndl           
ffffffff  __TI_prof_data_size           
ffffffff  __TI_prof_data_start          
0000c5f2  __TI_zero_init_nomemset       
ffffffff  __c_args__                    
0000c66c  __mspabi_func_epilog_1        
0000c66a  __mspabi_func_epilog_2        
0000c668  __mspabi_func_epilog_3        
0000c666  __mspabi_func_epilog_4        
0000c664  __mspabi_func_epilog_5        
0000c662  __mspabi_func_epilog_6        
0000c660  __mspabi_func_epilog_7        
0000c4a0  __mspabi_slli                 
0000c4c8  __mspabi_slli_1               
0000c4b6  __mspabi_slli_10              
0000c4b4  __mspabi_slli_11              
0000c4b2  __mspabi_slli_12              
0000c4b0  __mspabi_slli_13              
0000c4ae  __mspabi_slli_14              
0000c4ac  __mspabi_slli_15              
0000c4c6  __mspabi_slli_2               
0000c4c4  __mspabi_slli_3               
0000c4c2  __mspabi_slli_4               
0000c4c0  __mspabi_slli_5               
0000c4be  __mspabi_slli_6               
0000c4bc  __mspabi_slli_7               
0000c4ba  __mspabi_slli_8               
0000c4b8  __mspabi_slli_9               
0000c474  __mspabi_srai                 
0000c49c  __mspabi_srai_1               
0000c48a  __mspabi_srai_10              
0000c488  __mspabi_srai_11              
0000c486  __mspabi_srai_12              
0000c484  __mspabi_srai_13              
0000c482  __mspabi_srai_14              
0000c480  __mspabi_srai_15              
0000c49a  __mspabi_srai_2               
0000c498  __mspabi_srai_3               
0000c496  __mspabi_srai_4               
0000c494  __mspabi_srai_5               
0000c492  __mspabi_srai_6               
0000c490  __mspabi_srai_7               
0000c48e  __mspabi_srai_8               
0000c48c  __mspabi_srai_9               
0000c314  __mspabi_srli                 
0000c35a  __mspabi_srli_1               
0000c336  __mspabi_srli_10              
0000c332  __mspabi_srli_11              
0000c32e  __mspabi_srli_12              
0000c32a  __mspabi_srli_13              
0000c326  __mspabi_srli_14              
0000c322  __mspabi_srli_15              
0000c356  __mspabi_srli_2               
0000c352  __mspabi_srli_3               
0000c34e  __mspabi_srli_4               
0000c34a  __mspabi_srli_5               
0000c346  __mspabi_srli_6               
0000c342  __mspabi_srli_7               
0000c33e  __mspabi_srli_8               
0000c33a  __mspabi_srli_9               
0000c576  _c_int00_noargs               
0000fffe  _reset_vector                 
000003b0  _stack                        
0000025c  _sys_memory                   
0000c6a0  _system_post_cinit            
0000c698  _system_pre_init              
0000c692  abort                         
0000c360  boardInit                     
000002ac  calefactor                    
0000c650  check_comm                    
000002b0  conexion                      
000002b2  contador                      
0000c000  gpioMode                      
0000c2b4  gpioWrite                     
0000c592  main                          
0000c63e  memcpy                        
000002b4  rtiCallback                   
0000c4f4  rtiInit                       
0000c538  rti_isr                       
0000c558  systemInitFirst               
0000c69c  systemInitLast                
000002ae  timeoutPeriod                 
0000c5ac  timerGetId                    
0000c606  timerInit                     
0000c1b6  timerStart                    
0000c5c4  timer_set_init                
0000c670  uart_get_char                 
0000c360  uart_init                     
0000c4cc  uart_rx_isr                   


GLOBAL SYMBOLS: SORTED BY Symbol Address 

address   name                          
-------   ----                          
00000000  IE1                           
00000001  IE2                           
00000002  IFG1                          
00000003  IFG2                          
00000010  P3REN                         
00000018  P3IN                          
00000019  P3OUT                         
0000001a  P3DIR                         
0000001b  P3SEL                         
00000020  P1IN                          
00000021  P1OUT                         
00000022  P1DIR                         
00000023  P1IFG                         
00000024  P1IES                         
00000025  P1IE                          
00000026  P1SEL                         
00000027  P1REN                         
00000028  P2IN                          
00000029  P2OUT                         
0000002a  P2DIR                         
0000002b  P2IFG                         
0000002c  P2IES                         
0000002d  P2IE                          
0000002e  P2SEL                         
0000002f  P2REN                         
00000041  P1SEL2                        
00000042  P2SEL2                        
00000043  P3SEL2                        
00000048  ADC10DTC0                     
00000049  ADC10DTC1                     
0000004a  ADC10AE0                      
00000050  __STACK_SIZE                  
00000050  __SYSMEM_SIZE                 
00000053  BCSCTL3                       
00000056  DCOCTL                        
00000057  BCSCTL1                       
00000058  BCSCTL2                       
00000059  CACTL1                        
0000005a  CACTL2                        
0000005b  CAPD                          
0000005d  UCA0ABCTL                     
0000005e  UCA0IRTCTL                    
0000005f  UCA0IRRCTL                    
00000060  UCA0CTL0                      
00000061  UCA0CTL1                      
00000062  UCA0BR0                       
00000063  UCA0BR1                       
00000064  UCA0MCTL                      
00000065  UCA0STAT                      
00000066  UCA0RXBUF                     
00000067  UCA0TXBUF                     
00000068  UCB0CTL0                      
00000069  UCB0CTL1                      
0000006a  UCB0BR0                       
0000006b  UCB0BR1                       
0000006c  UCB0I2CIE                     
0000006d  UCB0STAT                      
0000006e  UCB0RXBUF                     
0000006f  UCB0TXBUF                     
00000118  UCB0I2COA                     
0000011a  UCB0I2CSA                     
0000011e  TA1IV                         
00000120  WDTCTL                        
00000128  FCTL1                         
0000012a  FCTL2                         
0000012c  FCTL3                         
0000012e  TA0IV                         
00000160  TA0CTL                        
00000162  TA0CCTL0                      
00000164  TA0CCTL1                      
00000166  TA0CCTL2                      
00000170  TA0R                          
00000172  TA0CCR0                       
00000174  TA0CCR1                       
00000176  TA0CCR2                       
00000180  TA1CTL                        
00000182  TA1CCTL0                      
00000184  TA1CCTL1                      
00000186  TA1CCTL2                      
00000190  TA1R                          
00000192  TA1CCR0                       
00000194  TA1CCR1                       
00000196  TA1CCR2                       
000001b0  ADC10CTL0                     
000001b2  ADC10CTL1                     
000001b4  ADC10MEM                      
000001bc  ADC10SA                       
0000025c  _sys_memory                   
000002ac  calefactor                    
000002ae  timeoutPeriod                 
000002b0  conexion                      
000002b2  contador                      
000002b4  rtiCallback                   
000003b0  _stack                        
00000400  __STACK_END                   
000010c0  TLV_CHECKSUM                  
000010da  TLV_ADC10_1_TAG               
000010db  TLV_ADC10_1_LEN               
000010f6  TLV_DCO_30_TAG                
000010f7  TLV_DCO_30_LEN                
000010f8  CALDCO_16MHZ                  
000010f9  CALBC1_16MHZ                  
000010fa  CALDCO_12MHZ                  
000010fb  CALBC1_12MHZ                  
000010fc  CALDCO_8MHZ                   
000010fd  CALBC1_8MHZ                   
000010fe  CALDCO_1MHZ                   
000010ff  CALBC1_1MHZ                   
0000c000  gpioMode                      
0000c1b6  timerStart                    
0000c238  __TI_decompress_lzss          
0000c2b4  gpioWrite                     
0000c314  __mspabi_srli                 
0000c322  __mspabi_srli_15              
0000c326  __mspabi_srli_14              
0000c32a  __mspabi_srli_13              
0000c32e  __mspabi_srli_12              
0000c332  __mspabi_srli_11              
0000c336  __mspabi_srli_10              
0000c33a  __mspabi_srli_9               
0000c33e  __mspabi_srli_8               
0000c342  __mspabi_srli_7               
0000c346  __mspabi_srli_6               
0000c34a  __mspabi_srli_5               
0000c34e  __mspabi_srli_4               
0000c352  __mspabi_srli_3               
0000c356  __mspabi_srli_2               
0000c35a  __mspabi_srli_1               
0000c360  boardInit                     
0000c360  uart_init                     
0000c3a4  __TI_auto_init_nobinit_nopinit
0000c3e6  PushQueue                     
0000c418  AppInit                       
0000c446  PullQueue                     
0000c474  __mspabi_srai                 
0000c480  __mspabi_srai_15              
0000c482  __mspabi_srai_14              
0000c484  __mspabi_srai_13              
0000c486  __mspabi_srai_12              
0000c488  __mspabi_srai_11              
0000c48a  __mspabi_srai_10              
0000c48c  __mspabi_srai_9               
0000c48e  __mspabi_srai_8               
0000c490  __mspabi_srai_7               
0000c492  __mspabi_srai_6               
0000c494  __mspabi_srai_5               
0000c496  __mspabi_srai_4               
0000c498  __mspabi_srai_3               
0000c49a  __mspabi_srai_2               
0000c49c  __mspabi_srai_1               
0000c4a0  __mspabi_slli                 
0000c4ac  __mspabi_slli_15              
0000c4ae  __mspabi_slli_14              
0000c4b0  __mspabi_slli_13              
0000c4b2  __mspabi_slli_12              
0000c4b4  __mspabi_slli_11              
0000c4b6  __mspabi_slli_10              
0000c4b8  __mspabi_slli_9               
0000c4ba  __mspabi_slli_8               
0000c4bc  __mspabi_slli_7               
0000c4be  __mspabi_slli_6               
0000c4c0  __mspabi_slli_5               
0000c4c2  __mspabi_slli_4               
0000c4c4  __mspabi_slli_3               
0000c4c6  __mspabi_slli_2               
0000c4c8  __mspabi_slli_1               
0000c4cc  uart_rx_isr                   
0000c4f4  rtiInit                       
0000c518  LED_status                    
0000c538  rti_isr                       
0000c558  systemInitFirst               
0000c576  _c_int00_noargs               
0000c592  main                          
0000c5ac  timerGetId                    
0000c5c4  timer_set_init                
0000c5dc  LED_conectionStatus_init      
0000c5f2  __TI_zero_init_nomemset       
0000c606  timerInit                     
0000c61a  QueueInit                     
0000c62c  __TI_decompress_none          
0000c63e  memcpy                        
0000c650  check_comm                    
0000c660  __mspabi_func_epilog_7        
0000c662  __mspabi_func_epilog_6        
0000c664  __mspabi_func_epilog_5        
0000c666  __mspabi_func_epilog_4        
0000c668  __mspabi_func_epilog_3        
0000c66a  __mspabi_func_epilog_2        
0000c66c  __mspabi_func_epilog_1        
0000c670  uart_get_char                 
0000c68a  __TI_ISR_TRAP                 
0000c692  C$$EXIT                       
0000c692  abort                         
0000c698  _system_pre_init              
0000c69c  systemInitLast                
0000c6a0  _system_post_cinit            
0000c6b0  __TI_Handler_Table_Base       
0000c6b6  __TI_Handler_Table_Limit      
0000c6ba  __TI_CINIT_Base               
0000c6c2  __TI_CINIT_Limit              
0000c6c2  __TI_CINIT_Warm               
0000ffe0  __TI_int00                    
0000ffe4  __TI_int02                    
0000ffe6  __TI_int03                    
0000ffea  __TI_int05                    
0000ffec  __TI_int06                    
0000ffee  __TI_int07                    
0000fff0  __TI_int08                    
0000fff2  __TI_int09                    
0000fff4  __TI_int10                    
0000fff6  __TI_int11                    
0000fff8  __TI_int12                    
0000fffa  __TI_int13                    
0000fffc  __TI_int14                    
0000fffe  _reset_vector                 
ffffffff  __TI_pprof_out_hndl           
ffffffff  __TI_prof_data_size           
ffffffff  __TI_prof_data_start          
ffffffff  __c_args__                    

[219 symbols]
