<?xml version="1.0" encoding="ISO-8859-1" ?>
<link_info>
   <banner>MSP430 Linker PC v21.6.1.LTS</banner>
   <copyright>Copyright (c) 2003-2018 Texas Instruments Incorporated</copyright>
   <link_time>0x67afb790</link_time>
   <link_errors>0x2</link_errors>
   <output_file>final-micros.out</output_file>
   <entry_point>
      <name>_c_int00_noargs</name>
      <address>0xd3aa</address>
   </entry_point>
   <input_file_list>
      <input_file id="fl-2">
         <path>.\</path>
         <kind>object</kind>
         <file>UART.obj</file>
         <name>UART.obj</name>
      </input_file>
      <input_file id="fl-3">
         <path>.\</path>
         <kind>object</kind>
         <file>barraLed.obj</file>
         <name>barraLed.obj</name>
      </input_file>
      <input_file id="fl-4">
         <path>.\</path>
         <kind>object</kind>
         <file>calefactor.obj</file>
         <name>calefactor.obj</name>
      </input_file>
      <input_file id="fl-5">
         <path>.\</path>
         <kind>object</kind>
         <file>commpc.obj</file>
         <name>commpc.obj</name>
      </input_file>
      <input_file id="fl-6">
         <path>.\</path>
         <kind>object</kind>
         <file>cqueue.obj</file>
         <name>cqueue.obj</name>
      </input_file>
      <input_file id="fl-7">
         <path>.\</path>
         <kind>object</kind>
         <file>eprom.obj</file>
         <name>eprom.obj</name>
      </input_file>
      <input_file id="fl-8">
         <path>.\</path>
         <kind>object</kind>
         <file>gpio.obj</file>
         <name>gpio.obj</name>
      </input_file>
      <input_file id="fl-9">
         <path>.\</path>
         <kind>object</kind>
         <file>i2c.obj</file>
         <name>i2c.obj</name>
      </input_file>
      <input_file id="fl-a">
         <path>.\</path>
         <kind>object</kind>
         <file>main.obj</file>
         <name>main.obj</name>
      </input_file>
      <input_file id="fl-b">
         <path>.\</path>
         <kind>object</kind>
         <file>onewire.obj</file>
         <name>onewire.obj</name>
      </input_file>
      <input_file id="fl-c">
         <path>.\</path>
         <kind>object</kind>
         <file>pwm.obj</file>
         <name>pwm.obj</name>
      </input_file>
      <input_file id="fl-d">
         <path>.\</path>
         <kind>object</kind>
         <file>rti.obj</file>
         <name>rti.obj</name>
      </input_file>
      <input_file id="fl-e">
         <path>.\</path>
         <kind>object</kind>
         <file>spi.obj</file>
         <name>spi.obj</name>
      </input_file>
      <input_file id="fl-f">
         <path>.\</path>
         <kind>object</kind>
         <file>statusLed.obj</file>
         <name>statusLed.obj</name>
      </input_file>
      <input_file id="fl-10">
         <path>.\</path>
         <kind>object</kind>
         <file>system.obj</file>
         <name>system.obj</name>
      </input_file>
      <input_file id="fl-11">
         <path>.\</path>
         <kind>object</kind>
         <file>temperatura.obj</file>
         <name>temperatura.obj</name>
      </input_file>
      <input_file id="fl-12">
         <path>.\</path>
         <kind>object</kind>
         <file>timer.obj</file>
         <name>timer.obj</name>
      </input_file>
      <input_file id="fl-17">
         <kind>object</kind>
         <file>&lt;internal&gt;</file>
         <name>&lt;internal&gt;</name>
      </input_file>
      <input_file id="fl-2d">
         <path>C:\ti\ccs1250\ccs\tools\compiler\ti-cgt-msp430_21.6.1.LTS\lib\</path>
         <kind>archive</kind>
         <file>rts430_eabi.lib</file>
         <name>printf.c.obj</name>
      </input_file>
      <input_file id="fl-2e">
         <path>C:\ti\ccs1250\ccs\tools\compiler\ti-cgt-msp430_21.6.1.LTS\lib\</path>
         <kind>archive</kind>
         <file>rts430_eabi.lib</file>
         <name>_printfi.c.obj</name>
      </input_file>
      <input_file id="fl-2f">
         <path>C:\ti\ccs1250\ccs\tools\compiler\ti-cgt-msp430_21.6.1.LTS\lib\</path>
         <kind>archive</kind>
         <file>rts430_eabi.lib</file>
         <name>fputc.c.obj</name>
      </input_file>
      <input_file id="fl-30">
         <path>C:\ti\ccs1250\ccs\tools\compiler\ti-cgt-msp430_21.6.1.LTS\lib\</path>
         <kind>archive</kind>
         <file>rts430_eabi.lib</file>
         <name>fputs.c.obj</name>
      </input_file>
      <input_file id="fl-31">
         <path>C:\ti\ccs1250\ccs\tools\compiler\ti-cgt-msp430_21.6.1.LTS\lib\</path>
         <kind>archive</kind>
         <file>rts430_eabi.lib</file>
         <name>_io_perm.c.obj</name>
      </input_file>
      <input_file id="fl-32">
         <path>C:\ti\ccs1250\ccs\tools\compiler\ti-cgt-msp430_21.6.1.LTS\lib\</path>
         <kind>archive</kind>
         <file>rts430_eabi.lib</file>
         <name>setvbuf.c.obj</name>
      </input_file>
      <input_file id="fl-33">
         <path>C:\ti\ccs1250\ccs\tools\compiler\ti-cgt-msp430_21.6.1.LTS\lib\</path>
         <kind>archive</kind>
         <file>rts430_eabi.lib</file>
         <name>s_frexp.c.obj</name>
      </input_file>
      <input_file id="fl-34">
         <path>C:\ti\ccs1250\ccs\tools\compiler\ti-cgt-msp430_21.6.1.LTS\lib\</path>
         <kind>archive</kind>
         <file>rts430_eabi.lib</file>
         <name>s_scalbn.c.obj</name>
      </input_file>
      <input_file id="fl-35">
         <path>C:\ti\ccs1250\ccs\tools\compiler\ti-cgt-msp430_21.6.1.LTS\lib\</path>
         <kind>archive</kind>
         <file>rts430_eabi.lib</file>
         <name>s_copysign.c.obj</name>
      </input_file>
      <input_file id="fl-36">
         <path>C:\ti\ccs1250\ccs\tools\compiler\ti-cgt-msp430_21.6.1.LTS\lib\</path>
         <kind>archive</kind>
         <file>rts430_eabi.lib</file>
         <name>wcslen.c.obj</name>
      </input_file>
      <input_file id="fl-37">
         <path>C:\ti\ccs1250\ccs\tools\compiler\ti-cgt-msp430_21.6.1.LTS\lib\</path>
         <kind>archive</kind>
         <file>rts430_eabi.lib</file>
         <name>asr16.asm.obj</name>
      </input_file>
      <input_file id="fl-38">
         <path>C:\ti\ccs1250\ccs\tools\compiler\ti-cgt-msp430_21.6.1.LTS\lib\</path>
         <kind>archive</kind>
         <file>rts430_eabi.lib</file>
         <name>div16u.asm.obj</name>
      </input_file>
      <input_file id="fl-39">
         <path>C:\ti\ccs1250\ccs\tools\compiler\ti-cgt-msp430_21.6.1.LTS\lib\</path>
         <kind>archive</kind>
         <file>rts430_eabi.lib</file>
         <name>div32u.asm.obj</name>
      </input_file>
      <input_file id="fl-3a">
         <path>C:\ti\ccs1250\ccs\tools\compiler\ti-cgt-msp430_21.6.1.LTS\lib\</path>
         <kind>archive</kind>
         <file>rts430_eabi.lib</file>
         <name>epilog.asm.obj</name>
      </input_file>
      <input_file id="fl-3b">
         <path>C:\ti\ccs1250\ccs\tools\compiler\ti-cgt-msp430_21.6.1.LTS\lib\</path>
         <kind>archive</kind>
         <file>rts430_eabi.lib</file>
         <name>int00.asm.obj</name>
      </input_file>
      <input_file id="fl-3c">
         <path>C:\ti\ccs1250\ccs\tools\compiler\ti-cgt-msp430_21.6.1.LTS\lib\</path>
         <kind>archive</kind>
         <file>rts430_eabi.lib</file>
         <name>int02.asm.obj</name>
      </input_file>
      <input_file id="fl-3d">
         <path>C:\ti\ccs1250\ccs\tools\compiler\ti-cgt-msp430_21.6.1.LTS\lib\</path>
         <kind>archive</kind>
         <file>rts430_eabi.lib</file>
         <name>int03.asm.obj</name>
      </input_file>
      <input_file id="fl-3e">
         <path>C:\ti\ccs1250\ccs\tools\compiler\ti-cgt-msp430_21.6.1.LTS\lib\</path>
         <kind>archive</kind>
         <file>rts430_eabi.lib</file>
         <name>int05.asm.obj</name>
      </input_file>
      <input_file id="fl-3f">
         <path>C:\ti\ccs1250\ccs\tools\compiler\ti-cgt-msp430_21.6.1.LTS\lib\</path>
         <kind>archive</kind>
         <file>rts430_eabi.lib</file>
         <name>int06.asm.obj</name>
      </input_file>
      <input_file id="fl-40">
         <path>C:\ti\ccs1250\ccs\tools\compiler\ti-cgt-msp430_21.6.1.LTS\lib\</path>
         <kind>archive</kind>
         <file>rts430_eabi.lib</file>
         <name>int08.asm.obj</name>
      </input_file>
      <input_file id="fl-41">
         <path>C:\ti\ccs1250\ccs\tools\compiler\ti-cgt-msp430_21.6.1.LTS\lib\</path>
         <kind>archive</kind>
         <file>rts430_eabi.lib</file>
         <name>int09.asm.obj</name>
      </input_file>
      <input_file id="fl-42">
         <path>C:\ti\ccs1250\ccs\tools\compiler\ti-cgt-msp430_21.6.1.LTS\lib\</path>
         <kind>archive</kind>
         <file>rts430_eabi.lib</file>
         <name>int11.asm.obj</name>
      </input_file>
      <input_file id="fl-43">
         <path>C:\ti\ccs1250\ccs\tools\compiler\ti-cgt-msp430_21.6.1.LTS\lib\</path>
         <kind>archive</kind>
         <file>rts430_eabi.lib</file>
         <name>int12.asm.obj</name>
      </input_file>
      <input_file id="fl-44">
         <path>C:\ti\ccs1250\ccs\tools\compiler\ti-cgt-msp430_21.6.1.LTS\lib\</path>
         <kind>archive</kind>
         <file>rts430_eabi.lib</file>
         <name>int13.asm.obj</name>
      </input_file>
      <input_file id="fl-45">
         <path>C:\ti\ccs1250\ccs\tools\compiler\ti-cgt-msp430_21.6.1.LTS\lib\</path>
         <kind>archive</kind>
         <file>rts430_eabi.lib</file>
         <name>int14.asm.obj</name>
      </input_file>
      <input_file id="fl-46">
         <path>C:\ti\ccs1250\ccs\tools\compiler\ti-cgt-msp430_21.6.1.LTS\lib\</path>
         <kind>archive</kind>
         <file>rts430_eabi.lib</file>
         <name>isr_trap.asm.obj</name>
      </input_file>
      <input_file id="fl-47">
         <path>C:\ti\ccs1250\ccs\tools\compiler\ti-cgt-msp430_21.6.1.LTS\lib\</path>
         <kind>archive</kind>
         <file>rts430_eabi.lib</file>
         <name>lsl16.asm.obj</name>
      </input_file>
      <input_file id="fl-48">
         <path>C:\ti\ccs1250\ccs\tools\compiler\ti-cgt-msp430_21.6.1.LTS\lib\</path>
         <kind>archive</kind>
         <file>rts430_eabi.lib</file>
         <name>lsr16.asm.obj</name>
      </input_file>
      <input_file id="fl-49">
         <path>C:\ti\ccs1250\ccs\tools\compiler\ti-cgt-msp430_21.6.1.LTS\lib\</path>
         <kind>archive</kind>
         <file>rts430_eabi.lib</file>
         <name>mult16.asm.obj</name>
      </input_file>
      <input_file id="fl-4a">
         <path>C:\ti\ccs1250\ccs\tools\compiler\ti-cgt-msp430_21.6.1.LTS\lib\</path>
         <kind>archive</kind>
         <file>rts430_eabi.lib</file>
         <name>boot.c.obj</name>
      </input_file>
      <input_file id="fl-4b">
         <path>C:\ti\ccs1250\ccs\tools\compiler\ti-cgt-msp430_21.6.1.LTS\lib\</path>
         <kind>archive</kind>
         <file>rts430_eabi.lib</file>
         <name>autoinit.c.obj</name>
      </input_file>
      <input_file id="fl-4c">
         <path>C:\ti\ccs1250\ccs\tools\compiler\ti-cgt-msp430_21.6.1.LTS\lib\</path>
         <kind>archive</kind>
         <file>rts430_eabi.lib</file>
         <name>copy_zero_init.c.obj</name>
      </input_file>
      <input_file id="fl-4d">
         <path>C:\ti\ccs1250\ccs\tools\compiler\ti-cgt-msp430_21.6.1.LTS\lib\</path>
         <kind>archive</kind>
         <file>rts430_eabi.lib</file>
         <name>exit_gvars.c.obj</name>
      </input_file>
      <input_file id="fl-4e">
         <path>C:\ti\ccs1250\ccs\tools\compiler\ti-cgt-msp430_21.6.1.LTS\lib\</path>
         <kind>archive</kind>
         <file>rts430_eabi.lib</file>
         <name>cpy_tbl.c.obj</name>
      </input_file>
      <input_file id="fl-4f">
         <path>C:\ti\ccs1250\ccs\tools\compiler\ti-cgt-msp430_21.6.1.LTS\lib\</path>
         <kind>archive</kind>
         <file>rts430_eabi.lib</file>
         <name>mpu_init.c.obj</name>
      </input_file>
      <input_file id="fl-50">
         <path>C:\ti\ccs1250\ccs\tools\compiler\ti-cgt-msp430_21.6.1.LTS\lib\</path>
         <kind>archive</kind>
         <file>rts430_eabi.lib</file>
         <name>lsr64.c.obj</name>
      </input_file>
      <input_file id="fl-51">
         <path>C:\ti\ccs1250\ccs\tools\compiler\ti-cgt-msp430_21.6.1.LTS\lib\</path>
         <kind>archive</kind>
         <file>rts430_eabi.lib</file>
         <name>div64u.c.obj</name>
      </input_file>
      <input_file id="fl-52">
         <path>C:\ti\ccs1250\ccs\tools\compiler\ti-cgt-msp430_21.6.1.LTS\lib\</path>
         <kind>archive</kind>
         <file>rts430_eabi.lib</file>
         <name>pre_init.c.obj</name>
      </input_file>
      <input_file id="fl-53">
         <path>C:\ti\ccs1250\ccs\tools\compiler\ti-cgt-msp430_21.6.1.LTS\lib\</path>
         <kind>archive</kind>
         <file>rts430_eabi.lib</file>
         <name>startup.c.obj</name>
      </input_file>
      <input_file id="fl-54">
         <path>C:\ti\ccs1250\ccs\tools\compiler\ti-cgt-msp430_21.6.1.LTS\lib\</path>
         <kind>archive</kind>
         <file>rts430_eabi.lib</file>
         <name>copy_decompress_none.c.obj</name>
      </input_file>
      <input_file id="fl-55">
         <path>C:\ti\ccs1250\ccs\tools\compiler\ti-cgt-msp430_21.6.1.LTS\lib\</path>
         <kind>archive</kind>
         <file>rts430_eabi.lib</file>
         <name>copy_decompress_lzss.c.obj</name>
      </input_file>
      <input_file id="fl-56">
         <path>C:\ti\ccs1250\ccs\tools\compiler\ti-cgt-msp430_21.6.1.LTS\lib\</path>
         <kind>archive</kind>
         <file>rts430_eabi.lib</file>
         <name>addd.c.obj</name>
      </input_file>
      <input_file id="fl-57">
         <path>C:\ti\ccs1250\ccs\tools\compiler\ti-cgt-msp430_21.6.1.LTS\lib\</path>
         <kind>archive</kind>
         <file>rts430_eabi.lib</file>
         <name>cmpd.c.obj</name>
      </input_file>
      <input_file id="fl-58">
         <path>C:\ti\ccs1250\ccs\tools\compiler\ti-cgt-msp430_21.6.1.LTS\lib\</path>
         <kind>archive</kind>
         <file>rts430_eabi.lib</file>
         <name>divd.c.obj</name>
      </input_file>
      <input_file id="fl-59">
         <path>C:\ti\ccs1250\ccs\tools\compiler\ti-cgt-msp430_21.6.1.LTS\lib\</path>
         <kind>archive</kind>
         <file>rts430_eabi.lib</file>
         <name>fixdi.c.obj</name>
      </input_file>
      <input_file id="fl-5a">
         <path>C:\ti\ccs1250\ccs\tools\compiler\ti-cgt-msp430_21.6.1.LTS\lib\</path>
         <kind>archive</kind>
         <file>rts430_eabi.lib</file>
         <name>fixdli.c.obj</name>
      </input_file>
      <input_file id="fl-5b">
         <path>C:\ti\ccs1250\ccs\tools\compiler\ti-cgt-msp430_21.6.1.LTS\lib\</path>
         <kind>archive</kind>
         <file>rts430_eabi.lib</file>
         <name>fltid.c.obj</name>
      </input_file>
      <input_file id="fl-5c">
         <path>C:\ti\ccs1250\ccs\tools\compiler\ti-cgt-msp430_21.6.1.LTS\lib\</path>
         <kind>archive</kind>
         <file>rts430_eabi.lib</file>
         <name>fltlid.c.obj</name>
      </input_file>
      <input_file id="fl-5d">
         <path>C:\ti\ccs1250\ccs\tools\compiler\ti-cgt-msp430_21.6.1.LTS\lib\</path>
         <kind>archive</kind>
         <file>rts430_eabi.lib</file>
         <name>frcdivd.c.obj</name>
      </input_file>
      <input_file id="fl-5e">
         <path>C:\ti\ccs1250\ccs\tools\compiler\ti-cgt-msp430_21.6.1.LTS\lib\</path>
         <kind>archive</kind>
         <file>rts430_eabi.lib</file>
         <name>mpyd.c.obj</name>
      </input_file>
      <input_file id="fl-5f">
         <path>C:\ti\ccs1250\ccs\tools\compiler\ti-cgt-msp430_21.6.1.LTS\lib\</path>
         <kind>archive</kind>
         <file>rts430_eabi.lib</file>
         <name>negd.c.obj</name>
      </input_file>
      <input_file id="fl-60">
         <path>C:\ti\ccs1250\ccs\tools\compiler\ti-cgt-msp430_21.6.1.LTS\lib\</path>
         <kind>archive</kind>
         <file>rts430_eabi.lib</file>
         <name>subd.c.obj</name>
      </input_file>
      <input_file id="fl-61">
         <path>C:\ti\ccs1250\ccs\tools\compiler\ti-cgt-msp430_21.6.1.LTS\lib\</path>
         <kind>archive</kind>
         <file>rts430_eabi.lib</file>
         <name>exit.c.obj</name>
      </input_file>
      <input_file id="fl-62">
         <path>C:\ti\ccs1250\ccs\tools\compiler\ti-cgt-msp430_21.6.1.LTS\lib\</path>
         <kind>archive</kind>
         <file>rts430_eabi.lib</file>
         <name>_lock.c.obj</name>
      </input_file>
      <input_file id="fl-63">
         <path>C:\ti\ccs1250\ccs\tools\compiler\ti-cgt-msp430_21.6.1.LTS\lib\</path>
         <kind>archive</kind>
         <file>rts430_eabi.lib</file>
         <name>_ltoa.c.obj</name>
      </input_file>
      <input_file id="fl-64">
         <path>C:\ti\ccs1250\ccs\tools\compiler\ti-cgt-msp430_21.6.1.LTS\lib\</path>
         <kind>archive</kind>
         <file>rts430_eabi.lib</file>
         <name>args_main.c.obj</name>
      </input_file>
      <input_file id="fl-65">
         <path>C:\ti\ccs1250\ccs\tools\compiler\ti-cgt-msp430_21.6.1.LTS\lib\</path>
         <kind>archive</kind>
         <file>rts430_eabi.lib</file>
         <name>atoi.c.obj</name>
      </input_file>
      <input_file id="fl-66">
         <path>C:\ti\ccs1250\ccs\tools\compiler\ti-cgt-msp430_21.6.1.LTS\lib\</path>
         <kind>archive</kind>
         <file>rts430_eabi.lib</file>
         <name>ctype.c.obj</name>
      </input_file>
      <input_file id="fl-67">
         <path>C:\ti\ccs1250\ccs\tools\compiler\ti-cgt-msp430_21.6.1.LTS\lib\</path>
         <kind>archive</kind>
         <file>rts430_eabi.lib</file>
         <name>defs.c.obj</name>
      </input_file>
      <input_file id="fl-68">
         <path>C:\ti\ccs1250\ccs\tools\compiler\ti-cgt-msp430_21.6.1.LTS\lib\</path>
         <kind>archive</kind>
         <file>rts430_eabi.lib</file>
         <name>memccpy.c.obj</name>
      </input_file>
      <input_file id="fl-69">
         <path>C:\ti\ccs1250\ccs\tools\compiler\ti-cgt-msp430_21.6.1.LTS\lib\</path>
         <kind>archive</kind>
         <file>rts430_eabi.lib</file>
         <name>memchr.c.obj</name>
      </input_file>
      <input_file id="fl-6a">
         <path>C:\ti\ccs1250\ccs\tools\compiler\ti-cgt-msp430_21.6.1.LTS\lib\</path>
         <kind>archive</kind>
         <file>rts430_eabi.lib</file>
         <name>memcpy.c.obj</name>
      </input_file>
      <input_file id="fl-6b">
         <path>C:\ti\ccs1250\ccs\tools\compiler\ti-cgt-msp430_21.6.1.LTS\lib\</path>
         <kind>archive</kind>
         <file>rts430_eabi.lib</file>
         <name>memory.c.obj</name>
      </input_file>
      <input_file id="fl-6c">
         <path>C:\ti\ccs1250\ccs\tools\compiler\ti-cgt-msp430_21.6.1.LTS\lib\</path>
         <kind>archive</kind>
         <file>rts430_eabi.lib</file>
         <name>memset.c.obj</name>
      </input_file>
      <input_file id="fl-6d">
         <path>C:\ti\ccs1250\ccs\tools\compiler\ti-cgt-msp430_21.6.1.LTS\lib\</path>
         <kind>archive</kind>
         <file>rts430_eabi.lib</file>
         <name>strchr.c.obj</name>
      </input_file>
      <input_file id="fl-6e">
         <path>C:\ti\ccs1250\ccs\tools\compiler\ti-cgt-msp430_21.6.1.LTS\lib\</path>
         <kind>archive</kind>
         <file>rts430_eabi.lib</file>
         <name>strcmp.c.obj</name>
      </input_file>
      <input_file id="fl-6f">
         <path>C:\ti\ccs1250\ccs\tools\compiler\ti-cgt-msp430_21.6.1.LTS\lib\</path>
         <kind>archive</kind>
         <file>rts430_eabi.lib</file>
         <name>strlen.c.obj</name>
      </input_file>
      <input_file id="fl-70">
         <path>C:\ti\ccs1250\ccs\tools\compiler\ti-cgt-msp430_21.6.1.LTS\lib\</path>
         <kind>archive</kind>
         <file>rts430_eabi.lib</file>
         <name>strncpy.c.obj</name>
      </input_file>
      <input_file id="fl-71">
         <path>C:\ti\ccs1250\ccs\tools\compiler\ti-cgt-msp430_21.6.1.LTS\lib\</path>
         <kind>archive</kind>
         <file>rts430_eabi.lib</file>
         <name>strstr.c.obj</name>
      </input_file>
      <input_file id="fl-72">
         <path>C:\ti\ccs1250\ccs\tools\compiler\ti-cgt-msp430_21.6.1.LTS\lib\</path>
         <kind>archive</kind>
         <file>rts430_eabi.lib</file>
         <name>toupper.c.obj</name>
      </input_file>
      <input_file id="fl-73">
         <path>C:\ti\ccs1250\ccs\tools\compiler\ti-cgt-msp430_21.6.1.LTS\lib\</path>
         <kind>archive</kind>
         <file>rts430_eabi.lib</file>
         <name>abs.c.obj</name>
      </input_file>
      <input_file id="fl-74">
         <path>C:\ti\ccs1250\ccs\tools\compiler\ti-cgt-msp430_21.6.1.LTS\lib\</path>
         <kind>archive</kind>
         <file>rts430_eabi.lib</file>
         <name>write.c.obj</name>
      </input_file>
      <input_file id="fl-75">
         <path>C:\ti\ccs1250\ccs\tools\compiler\ti-cgt-msp430_21.6.1.LTS\lib\</path>
         <kind>archive</kind>
         <file>rts430_eabi.lib</file>
         <name>host_device.c.obj</name>
      </input_file>
      <input_file id="fl-76">
         <path>C:\ti\ccs1250\ccs\tools\compiler\ti-cgt-msp430_21.6.1.LTS\lib\</path>
         <kind>archive</kind>
         <file>rts430_eabi.lib</file>
         <name>errno.c.obj</name>
      </input_file>
      <input_file id="fl-77">
         <path>C:\ti\ccs1250\ccs\tools\compiler\ti-cgt-msp430_21.6.1.LTS\lib\</path>
         <kind>archive</kind>
         <file>rts430_eabi.lib</file>
         <name>fflush.c.obj</name>
      </input_file>
      <input_file id="fl-78">
         <path>C:\ti\ccs1250\ccs\tools\compiler\ti-cgt-msp430_21.6.1.LTS\lib\</path>
         <kind>archive</kind>
         <file>rts430_eabi.lib</file>
         <name>fopen.c.obj</name>
      </input_file>
      <input_file id="fl-79">
         <path>C:\ti\ccs1250\ccs\tools\compiler\ti-cgt-msp430_21.6.1.LTS\lib\</path>
         <kind>archive</kind>
         <file>rts430_eabi.lib</file>
         <name>fseek.c.obj</name>
      </input_file>
      <input_file id="fl-7a">
         <path>C:\ti\ccs1250\ccs\tools\compiler\ti-cgt-msp430_21.6.1.LTS\lib\</path>
         <kind>archive</kind>
         <file>rts430_eabi.lib</file>
         <name>asr32.asm.obj</name>
      </input_file>
      <input_file id="fl-7b">
         <path>C:\ti\ccs1250\ccs\tools\compiler\ti-cgt-msp430_21.6.1.LTS\lib\</path>
         <kind>archive</kind>
         <file>rts430_eabi.lib</file>
         <name>div32s.asm.obj</name>
      </input_file>
      <input_file id="fl-7c">
         <path>C:\ti\ccs1250\ccs\tools\compiler\ti-cgt-msp430_21.6.1.LTS\lib\</path>
         <kind>archive</kind>
         <file>rts430_eabi.lib</file>
         <name>lsl32.asm.obj</name>
      </input_file>
      <input_file id="fl-7d">
         <path>C:\ti\ccs1250\ccs\tools\compiler\ti-cgt-msp430_21.6.1.LTS\lib\</path>
         <kind>archive</kind>
         <file>rts430_eabi.lib</file>
         <name>lsr32.asm.obj</name>
      </input_file>
      <input_file id="fl-7e">
         <path>C:\ti\ccs1250\ccs\tools\compiler\ti-cgt-msp430_21.6.1.LTS\lib\</path>
         <kind>archive</kind>
         <file>rts430_eabi.lib</file>
         <name>mult32.asm.obj</name>
      </input_file>
      <input_file id="fl-7f">
         <path>C:\ti\ccs1250\ccs\tools\compiler\ti-cgt-msp430_21.6.1.LTS\lib\</path>
         <kind>archive</kind>
         <file>rts430_eabi.lib</file>
         <name>asr64.c.obj</name>
      </input_file>
      <input_file id="fl-80">
         <path>C:\ti\ccs1250\ccs\tools\compiler\ti-cgt-msp430_21.6.1.LTS\lib\</path>
         <kind>archive</kind>
         <file>rts430_eabi.lib</file>
         <name>lsl64.c.obj</name>
      </input_file>
      <input_file id="fl-81">
         <path>C:\ti\ccs1250\ccs\tools\compiler\ti-cgt-msp430_21.6.1.LTS\lib\</path>
         <kind>archive</kind>
         <file>rts430_eabi.lib</file>
         <name>frcmpyd.c.obj</name>
      </input_file>
      <input_file id="fl-82">
         <path>C:\ti\ccs1250\ccs\tools\compiler\ti-cgt-msp430_21.6.1.LTS\lib\</path>
         <kind>archive</kind>
         <file>rts430_eabi.lib</file>
         <name>hostclose.c.obj</name>
      </input_file>
      <input_file id="fl-83">
         <path>C:\ti\ccs1250\ccs\tools\compiler\ti-cgt-msp430_21.6.1.LTS\lib\</path>
         <kind>archive</kind>
         <file>rts430_eabi.lib</file>
         <name>hostlseek.c.obj</name>
      </input_file>
      <input_file id="fl-84">
         <path>C:\ti\ccs1250\ccs\tools\compiler\ti-cgt-msp430_21.6.1.LTS\lib\</path>
         <kind>archive</kind>
         <file>rts430_eabi.lib</file>
         <name>hostopen.c.obj</name>
      </input_file>
      <input_file id="fl-85">
         <path>C:\ti\ccs1250\ccs\tools\compiler\ti-cgt-msp430_21.6.1.LTS\lib\</path>
         <kind>archive</kind>
         <file>rts430_eabi.lib</file>
         <name>hostread.c.obj</name>
      </input_file>
      <input_file id="fl-86">
         <path>C:\ti\ccs1250\ccs\tools\compiler\ti-cgt-msp430_21.6.1.LTS\lib\</path>
         <kind>archive</kind>
         <file>rts430_eabi.lib</file>
         <name>hostrename.c.obj</name>
      </input_file>
      <input_file id="fl-87">
         <path>C:\ti\ccs1250\ccs\tools\compiler\ti-cgt-msp430_21.6.1.LTS\lib\</path>
         <kind>archive</kind>
         <file>rts430_eabi.lib</file>
         <name>hostunlink.c.obj</name>
      </input_file>
      <input_file id="fl-88">
         <path>C:\ti\ccs1250\ccs\tools\compiler\ti-cgt-msp430_21.6.1.LTS\lib\</path>
         <kind>archive</kind>
         <file>rts430_eabi.lib</file>
         <name>hostwrite.c.obj</name>
      </input_file>
      <input_file id="fl-89">
         <path>C:\ti\ccs1250\ccs\tools\compiler\ti-cgt-msp430_21.6.1.LTS\lib\</path>
         <kind>archive</kind>
         <file>rts430_eabi.lib</file>
         <name>trgmsg.c.obj</name>
      </input_file>
      <input_file id="fl-8a">
         <path>C:\ti\ccs1250\ccs\tools\compiler\ti-cgt-msp430_21.6.1.LTS\lib\</path>
         <kind>archive</kind>
         <file>rts430_eabi.lib</file>
         <name>open.c.obj</name>
      </input_file>
      <input_file id="fl-8b">
         <path>C:\ti\ccs1250\ccs\tools\compiler\ti-cgt-msp430_21.6.1.LTS\lib\</path>
         <kind>archive</kind>
         <file>rts430_eabi.lib</file>
         <name>lseek.c.obj</name>
      </input_file>
      <input_file id="fl-8c">
         <path>C:\ti\ccs1250\ccs\tools\compiler\ti-cgt-msp430_21.6.1.LTS\lib\</path>
         <kind>archive</kind>
         <file>rts430_eabi.lib</file>
         <name>fclose.c.obj</name>
      </input_file>
      <input_file id="fl-8d">
         <path>C:\ti\ccs1250\ccs\tools\compiler\ti-cgt-msp430_21.6.1.LTS\lib\</path>
         <kind>archive</kind>
         <file>rts430_eabi.lib</file>
         <name>getdevice.c.obj</name>
      </input_file>
      <input_file id="fl-8e">
         <path>C:\ti\ccs1250\ccs\tools\compiler\ti-cgt-msp430_21.6.1.LTS\lib\</path>
         <kind>archive</kind>
         <file>rts430_eabi.lib</file>
         <name>mult3264.asm.obj</name>
      </input_file>
      <input_file id="fl-8f">
         <path>C:\ti\ccs1250\ccs\tools\compiler\ti-cgt-msp430_21.6.1.LTS\lib\</path>
         <kind>archive</kind>
         <file>rts430_eabi.lib</file>
         <name>mult64.asm.obj</name>
      </input_file>
      <input_file id="fl-90">
         <path>C:\ti\ccs1250\ccs\tools\compiler\ti-cgt-msp430_21.6.1.LTS\lib\</path>
         <kind>archive</kind>
         <file>rts430_eabi.lib</file>
         <name>strcpy.c.obj</name>
      </input_file>
      <input_file id="fl-91">
         <path>C:\ti\ccs1250\ccs\tools\compiler\ti-cgt-msp430_21.6.1.LTS\lib\</path>
         <kind>archive</kind>
         <file>rts430_eabi.lib</file>
         <name>remove.c.obj</name>
      </input_file>
      <input_file id="fl-92">
         <path>C:\ti\ccs1250\ccs\tools\compiler\ti-cgt-msp430_21.6.1.LTS\lib\</path>
         <kind>archive</kind>
         <file>rts430_eabi.lib</file>
         <name>close.c.obj</name>
      </input_file>
      <input_file id="fl-93">
         <path>C:\ti\ccs1250\ccs\tools\compiler\ti-cgt-msp430_21.6.1.LTS\lib\</path>
         <kind>archive</kind>
         <file>rts430_eabi.lib</file>
         <name>mult1632.asm.obj</name>
      </input_file>
      <input_file id="fl-94">
         <path>C:\ti\ccs1250\ccs\tools\compiler\ti-cgt-msp430_21.6.1.LTS\lib\</path>
         <kind>archive</kind>
         <file>rts430_eabi.lib</file>
         <name>unlink.c.obj</name>
      </input_file>
   </input_file_list>
   <object_component_list>
      <object_component id="oc-199">
         <name>.bss:buffer</name>
         <uninitialized>true</uninitialized>
         <run_address>0xe0</run_address>
         <size>0x14</size>
         <input_file_ref idref="fl-6"/>
      </object_component>
      <object_component id="oc-196">
         <name>.bss</name>
         <uninitialized>true</uninitialized>
         <run_address>0xfc</run_address>
         <size>0x6</size>
         <input_file_ref idref="fl-6"/>
      </object_component>
      <object_component id="oc-2ad">
         <name>.bss:timers</name>
         <uninitialized>true</uninitialized>
         <run_address>0xa0</run_address>
         <size>0x40</size>
         <input_file_ref idref="fl-12"/>
      </object_component>
      <object_component id="oc-49c">
         <name>.bss</name>
         <uninitialized>true</uninitialized>
         <run_address>0x102</run_address>
         <size>0x2</size>
         <input_file_ref idref="fl-6b"/>
      </object_component>
      <object_component id="oc-4b1">
         <name>.common:__TI_tmpnams</name>
         <uninitialized>true</uninitialized>
         <run_address>0x0</run_address>
         <size>0xa0</size>
      </object_component>
      <object_component id="oc-4bc">
         <name>.common:parmbuf</name>
         <uninitialized>true</uninitialized>
         <run_address>0xf4</run_address>
         <size>0x8</size>
      </object_component>
      <object_component id="oc-150">
         <name>.data</name>
         <load_address>0xee</load_address>
         <run_address>0xee</run_address>
         <size>0x3</size>
         <input_file_ref idref="fl-d"/>
      </object_component>
      <object_component id="oc-29a">
         <name>.data</name>
         <load_address>0x100</load_address>
         <run_address>0x100</run_address>
         <size>0x2</size>
         <input_file_ref idref="fl-12"/>
      </object_component>
      <object_component id="oc-269">
         <name>.data:__TI_cleanup_ptr</name>
         <load_address>0xf2</load_address>
         <run_address>0xf2</run_address>
         <size>0x2</size>
         <input_file_ref idref="fl-4d"/>
      </object_component>
      <object_component id="oc-266">
         <name>.data:__TI_dtors_ptr</name>
         <load_address>0xf4</load_address>
         <run_address>0xf4</run_address>
         <size>0x2</size>
         <input_file_ref idref="fl-4d"/>
      </object_component>
      <object_component id="oc-260">
         <name>.data</name>
         <load_address>0xfc</load_address>
         <run_address>0xfc</run_address>
         <size>0x2</size>
         <input_file_ref idref="fl-61"/>
      </object_component>
      <object_component id="oc-263">
         <name>.data:_lock</name>
         <load_address>0xf6</load_address>
         <run_address>0xf6</run_address>
         <size>0x2</size>
         <input_file_ref idref="fl-62"/>
      </object_component>
      <object_component id="oc-26c">
         <name>.data:_unlock</name>
         <load_address>0xf8</load_address>
         <run_address>0xf8</run_address>
         <size>0x2</size>
         <input_file_ref idref="fl-62"/>
      </object_component>
      <object_component id="oc-2d4">
         <name>.data:_ftable</name>
         <load_address>0x0</load_address>
         <run_address>0x0</run_address>
         <size>0x78</size>
         <input_file_ref idref="fl-67"/>
      </object_component>
      <object_component id="oc-461">
         <name>.data</name>
         <load_address>0xfa</load_address>
         <run_address>0xfa</run_address>
         <size>0x2</size>
         <input_file_ref idref="fl-67"/>
      </object_component>
      <object_component id="oc-4a1">
         <name>.data</name>
         <load_address>0xfe</load_address>
         <run_address>0xfe</run_address>
         <size>0x2</size>
         <input_file_ref idref="fl-6b"/>
      </object_component>
      <object_component id="oc-427">
         <name>.data:_device</name>
         <load_address>0x78</load_address>
         <run_address>0x78</run_address>
         <size>0x4e</size>
         <input_file_ref idref="fl-75"/>
      </object_component>
      <object_component id="oc-3e0">
         <name>.data:_stream</name>
         <load_address>0xc6</load_address>
         <run_address>0xc6</run_address>
         <size>0x28</size>
         <input_file_ref idref="fl-75"/>
      </object_component>
      <object_component id="oc-b5">
         <name>.sysmem</name>
         <uninitialized>true</uninitialized>
         <run_address>0x320</run_address>
         <size>0x8</size>
         <input_file_ref idref="fl-6b"/>
      </object_component>
      <object_component id="oc-582">
         <name>.sysmem</name>
         <uninitialized>true</uninitialized>
         <run_address>0x320</run_address>
         <size>0x0</size>
      </object_component>
      <object_component id="oc-b1">
         <name>.stack</name>
         <uninitialized>true</uninitialized>
         <run_address>0x3b0</run_address>
         <size>0x2</size>
         <input_file_ref idref="fl-4a"/>
      </object_component>
      <object_component id="oc-581">
         <name>.stack</name>
         <uninitialized>true</uninitialized>
         <run_address>0x3b0</run_address>
         <size>0x0</size>
      </object_component>
      <object_component id="oc-351">
         <name>.text:__TI_printfi_minimal:_setfield___TI_printfi_minimal</name>
         <load_address>0xc000</load_address>
         <run_address>0xc000</run_address>
         <size>0x116</size>
         <input_file_ref idref="fl-2e"/>
      </object_component>
      <object_component id="oc-454">
         <name>.text:aligned_alloc</name>
         <load_address>0xc116</load_address>
         <run_address>0xc116</run_address>
         <size>0xf6</size>
         <input_file_ref idref="fl-6b"/>
      </object_component>
      <object_component id="oc-2e3">
         <name>.text:__TI_printfi_minimal:__TI_printfi_minimal</name>
         <load_address>0xc20c</load_address>
         <run_address>0xc20c</run_address>
         <size>0xec</size>
         <input_file_ref idref="fl-2e"/>
      </object_component>
      <object_component id="oc-33d">
         <name>.text:fputs</name>
         <load_address>0xc2f8</load_address>
         <run_address>0xc2f8</run_address>
         <size>0xea</size>
         <input_file_ref idref="fl-30"/>
      </object_component>
      <object_component id="oc-408">
         <name>.text:free</name>
         <load_address>0xc3e2</load_address>
         <run_address>0xc3e2</run_address>
         <size>0xd2</size>
         <input_file_ref idref="fl-6b"/>
      </object_component>
      <object_component id="oc-3d4">
         <name>.text:setvbuf</name>
         <load_address>0xc4b4</load_address>
         <run_address>0xc4b4</run_address>
         <size>0xd0</size>
         <input_file_ref idref="fl-32"/>
      </object_component>
      <object_component id="oc-3ad">
         <name>.text:__TI_printfi_minimal:_pproc_diouxp___TI_printfi_minimal</name>
         <load_address>0xc584</load_address>
         <run_address>0xc584</run_address>
         <size>0xca</size>
         <input_file_ref idref="fl-2e"/>
      </object_component>
      <object_component id="oc-29d">
         <name>.text:timer_isr</name>
         <load_address>0xc64e</load_address>
         <run_address>0xc64e</run_address>
         <size>0xa0</size>
         <input_file_ref idref="fl-12"/>
      </object_component>
      <object_component id="oc-23e">
         <name>.text:gpioMode</name>
         <load_address>0xc6ee</load_address>
         <run_address>0xc6ee</run_address>
         <size>0x9c</size>
         <input_file_ref idref="fl-8"/>
      </object_component>
      <object_component id="oc-344">
         <name>.text:fputc</name>
         <load_address>0xc78a</load_address>
         <run_address>0xc78a</run_address>
         <size>0x90</size>
         <input_file_ref idref="fl-2f"/>
      </object_component>
      <object_component id="oc-47f">
         <name>.text:HOSTlseek</name>
         <load_address>0xc81a</load_address>
         <run_address>0xc81a</run_address>
         <size>0x88</size>
         <input_file_ref idref="fl-83"/>
      </object_component>
      <object_component id="oc-34">
         <name>.text:decompress:lzss:__TI_decompress_lzss</name>
         <load_address>0xc8a2</load_address>
         <run_address>0xc8a2</run_address>
         <size>0x7c</size>
         <input_file_ref idref="fl-55"/>
      </object_component>
      <object_component id="oc-388">
         <name>.text:__TI_wrt_ok</name>
         <load_address>0xc91e</load_address>
         <run_address>0xc91e</run_address>
         <size>0x7a</size>
         <input_file_ref idref="fl-31"/>
      </object_component>
      <object_component id="oc-45b">
         <name>.text:__TI_closefile</name>
         <load_address>0xc998</load_address>
         <run_address>0xc998</run_address>
         <size>0x72</size>
         <input_file_ref idref="fl-8c"/>
      </object_component>
      <object_component id="oc-3ce">
         <name>.text:fseeko</name>
         <load_address>0xca0a</load_address>
         <run_address>0xca0a</run_address>
         <size>0x70</size>
         <input_file_ref idref="fl-79"/>
      </object_component>
      <object_component id="oc-48b">
         <name>.text:HOSTrename</name>
         <load_address>0xca7a</load_address>
         <run_address>0xca7a</run_address>
         <size>0x6a</size>
         <input_file_ref idref="fl-86"/>
      </object_component>
      <object_component id="oc-4a4">
         <name>.text:split</name>
         <load_address>0xcae4</load_address>
         <run_address>0xcae4</run_address>
         <size>0x68</size>
         <input_file_ref idref="fl-6b"/>
      </object_component>
      <object_component id="oc-467">
         <name>.text:HOSTopen</name>
         <load_address>0xcb4c</load_address>
         <run_address>0xcb4c</run_address>
         <size>0x66</size>
         <input_file_ref idref="fl-84"/>
      </object_component>
      <object_component id="oc-479">
         <name>.text:HOSTwrite</name>
         <load_address>0xcbb2</load_address>
         <run_address>0xcbb2</run_address>
         <size>0x62</size>
         <input_file_ref idref="fl-88"/>
      </object_component>
      <object_component id="oc-394">
         <name>.text:__TI_doflush</name>
         <load_address>0xcc14</load_address>
         <run_address>0xcc14</run_address>
         <size>0x62</size>
         <input_file_ref idref="fl-77"/>
      </object_component>
      <object_component id="oc-473">
         <name>.text:HOSTread</name>
         <load_address>0xcc76</load_address>
         <run_address>0xcc76</run_address>
         <size>0x60</size>
         <input_file_ref idref="fl-85"/>
      </object_component>
      <object_component id="oc-4ea">
         <name>.text:getdevice</name>
         <load_address>0xccd6</load_address>
         <run_address>0xccd6</run_address>
         <size>0x58</size>
         <input_file_ref idref="fl-8d"/>
      </object_component>
      <object_component id="oc-244">
         <name>.text:gpioWrite</name>
         <load_address>0xcd2e</load_address>
         <run_address>0xcd2e</run_address>
         <size>0x52</size>
         <input_file_ref idref="fl-8"/>
      </object_component>
      <object_component id="oc-1b1">
         <name>.text:uart_init</name>
         <load_address>0xcd80</load_address>
         <run_address>0xcd80</run_address>
         <size>0x4e</size>
         <input_file_ref idref="fl-2"/>
      </object_component>
      <object_component id="oc-bd">
         <name>.text</name>
         <load_address>0xcdce</load_address>
         <run_address>0xcdce</run_address>
         <size>0x4c</size>
         <input_file_ref idref="fl-48"/>
      </object_component>
      <object_component id="oc-4ab">
         <name>.text:close</name>
         <load_address>0xce1a</load_address>
         <run_address>0xce1a</run_address>
         <size>0x4a</size>
         <input_file_ref idref="fl-92"/>
      </object_component>
      <object_component id="oc-236">
         <name>.text:timerStart</name>
         <load_address>0xce64</load_address>
         <run_address>0xce64</run_address>
         <size>0x46</size>
         <input_file_ref idref="fl-12"/>
      </object_component>
      <object_component id="oc-46d">
         <name>.text:HOSTclose</name>
         <load_address>0xceaa</load_address>
         <run_address>0xceaa</run_address>
         <size>0x44</size>
         <input_file_ref idref="fl-82"/>
      </object_component>
      <object_component id="oc-1d6">
         <name>.text:exit</name>
         <load_address>0xceee</load_address>
         <run_address>0xceee</run_address>
         <size>0x44</size>
         <input_file_ref idref="fl-61"/>
      </object_component>
      <object_component id="oc-1dc">
         <name>.text:__TI_auto_init_nobinit_nopinit:__TI_auto_init_nobinit_nopinit</name>
         <load_address>0xcf32</load_address>
         <run_address>0xcf32</run_address>
         <size>0x42</size>
         <input_file_ref idref="fl-4b"/>
      </object_component>
      <object_component id="oc-485">
         <name>.text:HOSTunlink</name>
         <load_address>0xcf74</load_address>
         <run_address>0xcf74</run_address>
         <size>0x40</size>
         <input_file_ref idref="fl-87"/>
      </object_component>
      <object_component id="oc-4d2">
         <name>.text:l_lsl_const</name>
         <load_address>0xcfb4</load_address>
         <run_address>0xcfb4</run_address>
         <size>0x3e</size>
         <input_file_ref idref="fl-7c"/>
      </object_component>
      <object_component id="oc-258">
         <name>.text:printf</name>
         <load_address>0xcff2</load_address>
         <run_address>0xcff2</run_address>
         <size>0x3c</size>
         <input_file_ref idref="fl-2d"/>
      </object_component>
      <object_component id="oc-1c9">
         <name>.text:AppInit</name>
         <load_address>0xd02e</load_address>
         <run_address>0xd02e</run_address>
         <size>0x34</size>
         <input_file_ref idref="fl-a"/>
      </object_component>
      <object_component id="oc-414">
         <name>.text:__TI_cleanup</name>
         <load_address>0xd062</load_address>
         <run_address>0xd062</run_address>
         <size>0x34</size>
         <input_file_ref idref="fl-78"/>
      </object_component>
      <object_component id="oc-519">
         <name>.text:finddevice</name>
         <load_address>0xd096</load_address>
         <run_address>0xd096</run_address>
         <size>0x34</size>
         <input_file_ref idref="fl-8d"/>
      </object_component>
      <object_component id="oc-2c4">
         <name>.text:uart_read_line</name>
         <load_address>0xd0ca</load_address>
         <run_address>0xd0ca</run_address>
         <size>0x32</size>
         <input_file_ref idref="fl-5"/>
      </object_component>
      <object_component id="oc-149">
         <name>.text:PushQueue</name>
         <load_address>0xd0fc</load_address>
         <run_address>0xd0fc</run_address>
         <size>0x30</size>
         <input_file_ref idref="fl-6"/>
      </object_component>
      <object_component id="oc-377">
         <name>.text:PullQueue</name>
         <load_address>0xd12c</load_address>
         <run_address>0xd12c</run_address>
         <size>0x2e</size>
         <input_file_ref idref="fl-6"/>
      </object_component>
      <object_component id="oc-4bf">
         <name>.text:__TI_writemsg</name>
         <load_address>0xd15a</load_address>
         <run_address>0xd15a</run_address>
         <size>0x2e</size>
         <input_file_ref idref="fl-89"/>
      </object_component>
      <object_component id="oc-4c5">
         <name>.text:__TI_readmsg</name>
         <load_address>0xd188</load_address>
         <run_address>0xd188</run_address>
         <size>0x2c</size>
         <input_file_ref idref="fl-89"/>
      </object_component>
      <object_component id="oc-24b">
         <name>.text:check_comm</name>
         <load_address>0xd1b4</load_address>
         <run_address>0xd1b4</run_address>
         <size>0x2c</size>
         <input_file_ref idref="fl-5"/>
      </object_component>
      <object_component id="oc-2b7">
         <name>.text</name>
         <load_address>0xd1e0</load_address>
         <run_address>0xd1e0</run_address>
         <size>0x2c</size>
         <input_file_ref idref="fl-37"/>
      </object_component>
      <object_component id="oc-b8">
         <name>.text</name>
         <load_address>0xd20c</load_address>
         <run_address>0xd20c</run_address>
         <size>0x2c</size>
         <input_file_ref idref="fl-47"/>
      </object_component>
      <object_component id="oc-513">
         <name>.text:strncpy</name>
         <load_address>0xd238</load_address>
         <run_address>0xd238</run_address>
         <size>0x2c</size>
         <input_file_ref idref="fl-70"/>
      </object_component>
      <object_component id="oc-44d">
         <name>.text:free_list_insert</name>
         <load_address>0xd264</load_address>
         <run_address>0xd264</run_address>
         <size>0x28</size>
         <input_file_ref idref="fl-6b"/>
      </object_component>
      <object_component id="oc-e4">
         <name>.text:uart_rx_isr</name>
         <load_address>0xd28c</load_address>
         <run_address>0xd28c</run_address>
         <size>0x28</size>
         <input_file_ref idref="fl-2"/>
      </object_component>
      <object_component id="oc-4b2">
         <name>.text:unlink</name>
         <load_address>0xd2b4</load_address>
         <run_address>0xd2b4</run_address>
         <size>0x28</size>
         <input_file_ref idref="fl-94"/>
      </object_component>
      <object_component id="oc-3fb">
         <name>.text:lseek</name>
         <load_address>0xd2dc</load_address>
         <run_address>0xd2dc</run_address>
         <size>0x26</size>
         <input_file_ref idref="fl-8b"/>
      </object_component>
      <object_component id="oc-2a3">
         <name>.text:rtiInit</name>
         <load_address>0xd302</load_address>
         <run_address>0xd302</run_address>
         <size>0x24</size>
         <input_file_ref idref="fl-d"/>
      </object_component>
      <object_component id="oc-39a">
         <name>.text:write</name>
         <load_address>0xd326</load_address>
         <run_address>0xd326</run_address>
         <size>0x24</size>
         <input_file_ref idref="fl-74"/>
      </object_component>
      <object_component id="oc-3b3">
         <name>.text:memccpy</name>
         <load_address>0xd34a</load_address>
         <run_address>0xd34a</run_address>
         <size>0x22</size>
         <input_file_ref idref="fl-68"/>
      </object_component>
      <object_component id="oc-ea">
         <name>.text:rti_isr</name>
         <load_address>0xd36c</load_address>
         <run_address>0xd36c</run_address>
         <size>0x20</size>
         <input_file_ref idref="fl-d"/>
      </object_component>
      <object_component id="oc-165">
         <name>.text:main</name>
         <load_address>0xd38c</load_address>
         <run_address>0xd38c</run_address>
         <size>0x1e</size>
         <input_file_ref idref="fl-a"/>
      </object_component>
      <object_component id="oc-102">
         <name>.text:_c_int00_noargs</name>
         <load_address>0xd3aa</load_address>
         <run_address>0xd3aa</run_address>
         <size>0x1c</size>
         <input_file_ref idref="fl-4a"/>
      </object_component>
      <object_component id="oc-447">
         <name>.text:free_list_remove</name>
         <load_address>0xd3c6</load_address>
         <run_address>0xd3c6</run_address>
         <size>0x1c</size>
         <input_file_ref idref="fl-6b"/>
      </object_component>
      <object_component id="oc-1ab">
         <name>.text:systemInitFirst</name>
         <load_address>0xd3e2</load_address>
         <run_address>0xd3e2</run_address>
         <size>0x1c</size>
         <input_file_ref idref="fl-10"/>
      </object_component>
      <object_component id="oc-50d">
         <name>.text:strchr</name>
         <load_address>0xd3fe</load_address>
         <run_address>0xd3fe</run_address>
         <size>0x1a</size>
         <input_file_ref idref="fl-6d"/>
      </object_component>
      <object_component id="oc-1b7">
         <name>.text:timer_set_init</name>
         <load_address>0xd418</load_address>
         <run_address>0xd418</run_address>
         <size>0x1a</size>
         <input_file_ref idref="fl-10"/>
      </object_component>
      <object_component id="oc-251">
         <name>.text:LED_status</name>
         <load_address>0xd432</load_address>
         <run_address>0xd432</run_address>
         <size>0x18</size>
         <input_file_ref idref="fl-5"/>
      </object_component>
      <object_component id="oc-2cb">
         <name>.text:strcmp</name>
         <load_address>0xd44a</load_address>
         <run_address>0xd44a</run_address>
         <size>0x18</size>
         <input_file_ref idref="fl-6e"/>
      </object_component>
      <object_component id="oc-32e">
         <name>.text:uart_get_char</name>
         <load_address>0xd462</load_address>
         <run_address>0xd462</run_address>
         <size>0x18</size>
         <input_file_ref idref="fl-2"/>
      </object_component>
      <object_component id="oc-3ed">
         <name>.text</name>
         <load_address>0xd47a</load_address>
         <run_address>0xd47a</run_address>
         <size>0x16</size>
         <input_file_ref idref="fl-38"/>
      </object_component>
      <object_component id="oc-22a">
         <name>.text:timerGetId</name>
         <load_address>0xd490</load_address>
         <run_address>0xd490</run_address>
         <size>0x16</size>
         <input_file_ref idref="fl-12"/>
      </object_component>
      <object_component id="oc-1c3">
         <name>.text:LED_conectionStatus_init</name>
         <load_address>0xd4a6</load_address>
         <run_address>0xd4a6</run_address>
         <size>0x14</size>
         <input_file_ref idref="fl-5"/>
      </object_component>
      <object_component id="oc-f0">
         <name>.text:decompress:ZI:__TI_zero_init_nomemset:__TI_zero_init_nomemset</name>
         <load_address>0xd4ba</load_address>
         <run_address>0xd4ba</run_address>
         <size>0x14</size>
         <input_file_ref idref="fl-4c"/>
      </object_component>
      <object_component id="oc-38e">
         <name>.text:memchr</name>
         <load_address>0xd4ce</load_address>
         <run_address>0xd4ce</run_address>
         <size>0x14</size>
         <input_file_ref idref="fl-69"/>
      </object_component>
      <object_component id="oc-3a6">
         <name>.text:memset</name>
         <load_address>0xd4e2</load_address>
         <run_address>0xd4e2</run_address>
         <size>0x14</size>
         <input_file_ref idref="fl-6c"/>
      </object_component>
      <object_component id="oc-30c">
         <name>.text</name>
         <load_address>0xd4f6</load_address>
         <run_address>0xd4f6</run_address>
         <size>0x14</size>
         <input_file_ref idref="fl-49"/>
      </object_component>
      <object_component id="oc-224">
         <name>.text:timerInit</name>
         <load_address>0xd50a</load_address>
         <run_address>0xd50a</run_address>
         <size>0x14</size>
         <input_file_ref idref="fl-12"/>
      </object_component>
      <object_component id="oc-21d">
         <name>.text:QueueInit</name>
         <load_address>0xd51e</load_address>
         <run_address>0xd51e</run_address>
         <size>0x12</size>
         <input_file_ref idref="fl-6"/>
      </object_component>
      <object_component id="oc-3a">
         <name>.text:decompress:none:__TI_decompress_none</name>
         <load_address>0xd530</load_address>
         <run_address>0xd530</run_address>
         <size>0x12</size>
         <input_file_ref idref="fl-54"/>
      </object_component>
      <object_component id="oc-d2">
         <name>.text:memcpy</name>
         <load_address>0xd542</load_address>
         <run_address>0xd542</run_address>
         <size>0x12</size>
         <input_file_ref idref="fl-6a"/>
      </object_component>
      <object_component id="oc-c2">
         <name>.text</name>
         <load_address>0xd554</load_address>
         <run_address>0xd554</run_address>
         <size>0x10</size>
         <input_file_ref idref="fl-3a"/>
      </object_component>
      <object_component id="oc-4db">
         <name>.text:strcpy</name>
         <load_address>0xd564</load_address>
         <run_address>0xd564</run_address>
         <size>0x10</size>
         <input_file_ref idref="fl-90"/>
      </object_component>
      <object_component id="oc-34b">
         <name>.text:strlen</name>
         <load_address>0xd574</load_address>
         <run_address>0xd574</run_address>
         <size>0xe</size>
         <input_file_ref idref="fl-6f"/>
      </object_component>
      <object_component id="oc-230">
         <name>.text:step_on</name>
         <load_address>0xd582</load_address>
         <run_address>0xd582</run_address>
         <size>0xa</size>
         <input_file_ref idref="fl-10"/>
      </object_component>
      <object_component id="oc-df">
         <name>.text:_isr:__TI_ISR_TRAP</name>
         <load_address>0xd58c</load_address>
         <run_address>0xd58c</run_address>
         <size>0x8</size>
         <input_file_ref idref="fl-46"/>
      </object_component>
      <object_component id="oc-40e">
         <name>.text:malloc</name>
         <load_address>0xd594</load_address>
         <run_address>0xd594</run_address>
         <size>0x8</size>
         <input_file_ref idref="fl-6b"/>
      </object_component>
      <object_component id="oc-3c7">
         <name>.text:QueueStatus</name>
         <load_address>0xd59c</load_address>
         <run_address>0xd59c</run_address>
         <size>0x6</size>
         <input_file_ref idref="fl-6"/>
      </object_component>
      <object_component id="oc-2dd">
         <name>.text:_outc</name>
         <load_address>0xd5a2</load_address>
         <run_address>0xd5a2</run_address>
         <size>0x6</size>
         <input_file_ref idref="fl-2d"/>
      </object_component>
      <object_component id="oc-1d0">
         <name>.text:abort</name>
         <load_address>0xd5a8</load_address>
         <run_address>0xd5a8</run_address>
         <size>0x6</size>
         <input_file_ref idref="fl-61"/>
      </object_component>
      <object_component id="oc-2d7">
         <name>.text:_outs</name>
         <load_address>0xd5ae</load_address>
         <run_address>0xd5ae</run_address>
         <size>0x4</size>
         <input_file_ref idref="fl-2d"/>
      </object_component>
      <object_component id="oc-15f">
         <name>.text:_system_pre_init</name>
         <load_address>0xd5b2</load_address>
         <run_address>0xd5b2</run_address>
         <size>0x4</size>
         <input_file_ref idref="fl-52"/>
      </object_component>
      <object_component id="oc-37d">
         <name>.text:getRXStatus</name>
         <load_address>0xd5b6</load_address>
         <run_address>0xd5b6</run_address>
         <size>0x4</size>
         <input_file_ref idref="fl-2"/>
      </object_component>
      <object_component id="oc-1bd">
         <name>.text:systemInitLast</name>
         <load_address>0xd5ba</load_address>
         <run_address>0xd5ba</run_address>
         <size>0x4</size>
         <input_file_ref idref="fl-10"/>
      </object_component>
      <object_component id="oc-2ed">
         <name>.text:_nop</name>
         <load_address>0xd5be</load_address>
         <run_address>0xd5be</run_address>
         <size>0x2</size>
         <input_file_ref idref="fl-62"/>
      </object_component>
      <object_component id="oc-271">
         <name>.text:_system_post_cinit</name>
         <load_address>0xd5c0</load_address>
         <run_address>0xd5c0</run_address>
         <size>0x2</size>
         <input_file_ref idref="fl-53"/>
      </object_component>
      <object_component id="oc-580">
         <name>.cinit..data.load</name>
         <load_address>0xd61e</load_address>
         <run_address>0xd61e</run_address>
         <size>0x28</size>
      </object_component>
      <object_component id="oc-57d">
         <name>__TI_handler_table</name>
         <load_address>0xd646</load_address>
         <run_address>0xd646</run_address>
         <size>0x6</size>
      </object_component>
      <object_component id="oc-57f">
         <name>.cinit..bss.load</name>
         <load_address>0xd64c</load_address>
         <run_address>0xd64c</run_address>
         <size>0x4</size>
      </object_component>
      <object_component id="oc-57e">
         <name>__TI_cinit_table</name>
         <load_address>0xd650</load_address>
         <run_address>0xd650</run_address>
         <size>0x8</size>
      </object_component>
      <object_component id="oc-2ca">
         <name>.const:.string</name>
         <load_address>0xd5c2</load_address>
         <run_address>0xd5c2</run_address>
         <size>0x2c</size>
         <input_file_ref idref="fl-5"/>
      </object_component>
      <object_component id="oc-3ac">
         <name>.const:.string</name>
         <load_address>0xd5ee</load_address>
         <run_address>0xd5ee</run_address>
         <size>0x26</size>
         <input_file_ref idref="fl-2e"/>
      </object_component>
      <object_component id="oc-257">
         <name>.const:.string</name>
         <load_address>0xd614</load_address>
         <run_address>0xd614</run_address>
         <size>0xa</size>
         <input_file_ref idref="fl-a"/>
      </object_component>
      <object_component id="oc-4f6">
         <name>.cio</name>
         <uninitialized>true</uninitialized>
         <run_address>0x200</run_address>
         <size>0x120</size>
         <input_file_ref idref="fl-89"/>
      </object_component>
      <object_component id="oc-53f">
         <name>.binit</name>
         <load_address>0xc000</load_address>
         <run_address>0xc000</run_address>
         <size>0x0</size>
      </object_component>
      <object_component id="oc-40">
         <name>.int00</name>
         <load_address>0xffe0</load_address>
         <run_address>0xffe0</run_address>
         <size>0x2</size>
         <input_file_ref idref="fl-3b"/>
      </object_component>
      <object_component id="oc-41">
         <name>.int02</name>
         <load_address>0xffe4</load_address>
         <run_address>0xffe4</run_address>
         <size>0x2</size>
         <input_file_ref idref="fl-3c"/>
      </object_component>
      <object_component id="oc-42">
         <name>.int03</name>
         <load_address>0xffe6</load_address>
         <run_address>0xffe6</run_address>
         <size>0x2</size>
         <input_file_ref idref="fl-3d"/>
      </object_component>
      <object_component id="oc-43">
         <name>.int05</name>
         <load_address>0xffea</load_address>
         <run_address>0xffea</run_address>
         <size>0x2</size>
         <input_file_ref idref="fl-3e"/>
      </object_component>
      <object_component id="oc-44">
         <name>.int06</name>
         <load_address>0xffec</load_address>
         <run_address>0xffec</run_address>
         <size>0x2</size>
         <input_file_ref idref="fl-3f"/>
      </object_component>
      <object_component id="oc-45">
         <name>.int07</name>
         <load_address>0xffee</load_address>
         <run_address>0xffee</run_address>
         <size>0x2</size>
         <input_file_ref idref="fl-2"/>
      </object_component>
      <object_component id="oc-46">
         <name>.int08</name>
         <load_address>0xfff0</load_address>
         <run_address>0xfff0</run_address>
         <size>0x2</size>
         <input_file_ref idref="fl-40"/>
      </object_component>
      <object_component id="oc-47">
         <name>.int09</name>
         <load_address>0xfff2</load_address>
         <run_address>0xfff2</run_address>
         <size>0x2</size>
         <input_file_ref idref="fl-41"/>
      </object_component>
      <object_component id="oc-48">
         <name>.int10</name>
         <load_address>0xfff4</load_address>
         <run_address>0xfff4</run_address>
         <size>0x2</size>
         <input_file_ref idref="fl-d"/>
      </object_component>
      <object_component id="oc-49">
         <name>.int11</name>
         <load_address>0xfff6</load_address>
         <run_address>0xfff6</run_address>
         <size>0x2</size>
         <input_file_ref idref="fl-42"/>
      </object_component>
      <object_component id="oc-4a">
         <name>.int12</name>
         <load_address>0xfff8</load_address>
         <run_address>0xfff8</run_address>
         <size>0x2</size>
         <input_file_ref idref="fl-43"/>
      </object_component>
      <object_component id="oc-4b">
         <name>.int13</name>
         <load_address>0xfffa</load_address>
         <run_address>0xfffa</run_address>
         <size>0x2</size>
         <input_file_ref idref="fl-44"/>
      </object_component>
      <object_component id="oc-4c">
         <name>.int14</name>
         <load_address>0xfffc</load_address>
         <run_address>0xfffc</run_address>
         <size>0x2</size>
         <input_file_ref idref="fl-45"/>
      </object_component>
      <object_component id="oc-b4">
         <name>.reset</name>
         <load_address>0xfffe</load_address>
         <run_address>0xfffe</run_address>
         <size>0x2</size>
         <input_file_ref idref="fl-4a"/>
      </object_component>
      <object_component id="oc-297">
         <name>.debug_info</name>
         <load_address>0x0</load_address>
         <run_address>0x0</run_address>
         <size>0x328</size>
         <input_file_ref idref="fl-2"/>
      </object_component>
      <object_component id="oc-e6">
         <name>.debug_info</name>
         <load_address>0x328</load_address>
         <run_address>0x328</run_address>
         <size>0x112</size>
         <input_file_ref idref="fl-2"/>
      </object_component>
      <object_component id="oc-1b2">
         <name>.debug_info</name>
         <load_address>0x43a</load_address>
         <run_address>0x43a</run_address>
         <size>0x10d</size>
         <input_file_ref idref="fl-2"/>
      </object_component>
      <object_component id="oc-37e">
         <name>.debug_info</name>
         <load_address>0x547</load_address>
         <run_address>0x547</run_address>
         <size>0x111</size>
         <input_file_ref idref="fl-2"/>
      </object_component>
      <object_component id="oc-32f">
         <name>.debug_info</name>
         <load_address>0x658</load_address>
         <run_address>0x658</run_address>
         <size>0x141</size>
         <input_file_ref idref="fl-2"/>
      </object_component>
      <object_component id="oc-2b1">
         <name>.debug_info</name>
         <load_address>0x799</load_address>
         <run_address>0x799</run_address>
         <size>0x5e</size>
         <input_file_ref idref="fl-2"/>
      </object_component>
      <object_component id="oc-217">
         <name>.debug_info</name>
         <load_address>0x7f7</load_address>
         <run_address>0x7f7</run_address>
         <size>0x26b</size>
         <input_file_ref idref="fl-2"/>
      </object_component>
      <object_component id="oc-cd">
         <name>.debug_info</name>
         <load_address>0xa62</load_address>
         <run_address>0xa62</run_address>
         <size>0x84</size>
         <input_file_ref idref="fl-2"/>
      </object_component>
      <object_component id="oc-292">
         <name>.debug_info</name>
         <load_address>0xae6</load_address>
         <run_address>0xae6</run_address>
         <size>0x282</size>
         <input_file_ref idref="fl-2"/>
      </object_component>
      <object_component id="oc-2a7">
         <name>.debug_info</name>
         <load_address>0xd68</load_address>
         <run_address>0xd68</run_address>
         <size>0xbb</size>
         <input_file_ref idref="fl-2"/>
      </object_component>
      <object_component id="oc-2bd">
         <name>.debug_info</name>
         <load_address>0xe23</load_address>
         <run_address>0xe23</run_address>
         <size>0x2c</size>
         <input_file_ref idref="fl-2"/>
      </object_component>
      <object_component id="oc-13c">
         <name>.debug_info</name>
         <load_address>0xe4f</load_address>
         <run_address>0xe4f</run_address>
         <size>0x2c</size>
         <input_file_ref idref="fl-2"/>
      </object_component>
      <object_component id="oc-31a">
         <name>.debug_info</name>
         <load_address>0xe7b</load_address>
         <run_address>0xe7b</run_address>
         <size>0x35</size>
         <input_file_ref idref="fl-2"/>
      </object_component>
      <object_component id="oc-2d2">
         <name>.debug_info</name>
         <load_address>0xeb0</load_address>
         <run_address>0xeb0</run_address>
         <size>0x307</size>
         <input_file_ref idref="fl-5"/>
      </object_component>
      <object_component id="oc-2c5">
         <name>.debug_info</name>
         <load_address>0x11b7</load_address>
         <run_address>0x11b7</run_address>
         <size>0x16e</size>
         <input_file_ref idref="fl-5"/>
      </object_component>
      <object_component id="oc-24c">
         <name>.debug_info</name>
         <load_address>0x1325</load_address>
         <run_address>0x1325</run_address>
         <size>0x141</size>
         <input_file_ref idref="fl-5"/>
      </object_component>
      <object_component id="oc-252">
         <name>.debug_info</name>
         <load_address>0x1466</load_address>
         <run_address>0x1466</run_address>
         <size>0x129</size>
         <input_file_ref idref="fl-5"/>
      </object_component>
      <object_component id="oc-1c5">
         <name>.debug_info</name>
         <load_address>0x158f</load_address>
         <run_address>0x158f</run_address>
         <size>0x13b</size>
         <input_file_ref idref="fl-5"/>
      </object_component>
      <object_component id="oc-359">
         <name>.debug_info</name>
         <load_address>0x16ca</load_address>
         <run_address>0x16ca</run_address>
         <size>0x2c</size>
         <input_file_ref idref="fl-5"/>
      </object_component>
      <object_component id="oc-19d">
         <name>.debug_info</name>
         <load_address>0x16f6</load_address>
         <run_address>0x16f6</run_address>
         <size>0x142</size>
         <input_file_ref idref="fl-6"/>
      </object_component>
      <object_component id="oc-19a">
         <name>.debug_info</name>
         <load_address>0x1838</load_address>
         <run_address>0x1838</run_address>
         <size>0xce</size>
         <input_file_ref idref="fl-6"/>
      </object_component>
      <object_component id="oc-197">
         <name>.debug_info</name>
         <load_address>0x1906</load_address>
         <run_address>0x1906</run_address>
         <size>0xf8</size>
         <input_file_ref idref="fl-6"/>
      </object_component>
      <object_component id="oc-3cb">
         <name>.debug_info</name>
         <load_address>0x19fe</load_address>
         <run_address>0x19fe</run_address>
         <size>0x10b</size>
         <input_file_ref idref="fl-6"/>
      </object_component>
      <object_component id="oc-220">
         <name>.debug_info</name>
         <load_address>0x1b09</load_address>
         <run_address>0x1b09</run_address>
         <size>0x103</size>
         <input_file_ref idref="fl-6"/>
      </object_component>
      <object_component id="oc-14b">
         <name>.debug_info</name>
         <load_address>0x1c0c</load_address>
         <run_address>0x1c0c</run_address>
         <size>0x12f</size>
         <input_file_ref idref="fl-6"/>
      </object_component>
      <object_component id="oc-378">
         <name>.debug_info</name>
         <load_address>0x1d3b</load_address>
         <run_address>0x1d3b</run_address>
         <size>0x133</size>
         <input_file_ref idref="fl-6"/>
      </object_component>
      <object_component id="oc-2c2">
         <name>.debug_info</name>
         <load_address>0x1e6e</load_address>
         <run_address>0x1e6e</run_address>
         <size>0x20e</size>
         <input_file_ref idref="fl-8"/>
      </object_component>
      <object_component id="oc-246">
         <name>.debug_info</name>
         <load_address>0x207c</load_address>
         <run_address>0x207c</run_address>
         <size>0x1b9</size>
         <input_file_ref idref="fl-8"/>
      </object_component>
      <object_component id="oc-240">
         <name>.debug_info</name>
         <load_address>0x2235</load_address>
         <run_address>0x2235</run_address>
         <size>0x1e8</size>
         <input_file_ref idref="fl-8"/>
      </object_component>
      <object_component id="oc-1cc">
         <name>.debug_info</name>
         <load_address>0x241d</load_address>
         <run_address>0x241d</run_address>
         <size>0x163</size>
         <input_file_ref idref="fl-a"/>
      </object_component>
      <object_component id="oc-166">
         <name>.debug_info</name>
         <load_address>0x2580</load_address>
         <run_address>0x2580</run_address>
         <size>0x17a</size>
         <input_file_ref idref="fl-a"/>
      </object_component>
      <object_component id="oc-1a7">
         <name>.debug_info</name>
         <load_address>0x26fa</load_address>
         <run_address>0x26fa</run_address>
         <size>0x175</size>
         <input_file_ref idref="fl-d"/>
      </object_component>
      <object_component id="oc-151">
         <name>.debug_info</name>
         <load_address>0x286f</load_address>
         <run_address>0x286f</run_address>
         <size>0xd6</size>
         <input_file_ref idref="fl-d"/>
      </object_component>
      <object_component id="oc-eb">
         <name>.debug_info</name>
         <load_address>0x2945</load_address>
         <run_address>0x2945</run_address>
         <size>0xfe</size>
         <input_file_ref idref="fl-d"/>
      </object_component>
      <object_component id="oc-153">
         <name>.debug_info</name>
         <load_address>0x2a43</load_address>
         <run_address>0x2a43</run_address>
         <size>0x139</size>
         <input_file_ref idref="fl-d"/>
      </object_component>
      <object_component id="oc-1a0">
         <name>.debug_info</name>
         <load_address>0x2b7c</load_address>
         <run_address>0x2b7c</run_address>
         <size>0x2c</size>
         <input_file_ref idref="fl-d"/>
      </object_component>
      <object_component id="oc-1ba">
         <name>.debug_info</name>
         <load_address>0x2ba8</load_address>
         <run_address>0x2ba8</run_address>
         <size>0x151</size>
         <input_file_ref idref="fl-10"/>
      </object_component>
      <object_component id="oc-1c0">
         <name>.debug_info</name>
         <load_address>0x2cf9</load_address>
         <run_address>0x2cf9</run_address>
         <size>0x10d</size>
         <input_file_ref idref="fl-10"/>
      </object_component>
      <object_component id="oc-1ae">
         <name>.debug_info</name>
         <load_address>0x2e06</load_address>
         <run_address>0x2e06</run_address>
         <size>0x10f</size>
         <input_file_ref idref="fl-10"/>
      </object_component>
      <object_component id="oc-233">
         <name>.debug_info</name>
         <load_address>0x2f15</load_address>
         <run_address>0x2f15</run_address>
         <size>0x109</size>
         <input_file_ref idref="fl-10"/>
      </object_component>
      <object_component id="oc-2b6">
         <name>.debug_info</name>
         <load_address>0x301e</load_address>
         <run_address>0x301e</run_address>
         <size>0x183</size>
         <input_file_ref idref="fl-12"/>
      </object_component>
      <object_component id="oc-2ae">
         <name>.debug_info</name>
         <load_address>0x31a1</load_address>
         <run_address>0x31a1</run_address>
         <size>0xcd</size>
         <input_file_ref idref="fl-12"/>
      </object_component>
      <object_component id="oc-29b">
         <name>.debug_info</name>
         <load_address>0x326e</load_address>
         <run_address>0x326e</run_address>
         <size>0xd7</size>
         <input_file_ref idref="fl-12"/>
      </object_component>
      <object_component id="oc-29f">
         <name>.debug_info</name>
         <load_address>0x3345</load_address>
         <run_address>0x3345</run_address>
         <size>0x1ce</size>
         <input_file_ref idref="fl-12"/>
      </object_component>
      <object_component id="oc-238">
         <name>.debug_info</name>
         <load_address>0x3513</load_address>
         <run_address>0x3513</run_address>
         <size>0x196</size>
         <input_file_ref idref="fl-12"/>
      </object_component>
      <object_component id="oc-227">
         <name>.debug_info</name>
         <load_address>0x36a9</load_address>
         <run_address>0x36a9</run_address>
         <size>0x129</size>
         <input_file_ref idref="fl-12"/>
      </object_component>
      <object_component id="oc-22d">
         <name>.debug_info</name>
         <load_address>0x37d2</load_address>
         <run_address>0x37d2</run_address>
         <size>0x10c</size>
         <input_file_ref idref="fl-12"/>
      </object_component>
      <object_component id="oc-326">
         <name>.debug_info</name>
         <load_address>0x38de</load_address>
         <run_address>0x38de</run_address>
         <size>0xca</size>
         <input_file_ref idref="fl-12"/>
      </object_component>
      <object_component id="oc-2ea">
         <name>.debug_info</name>
         <load_address>0x39a8</load_address>
         <run_address>0x39a8</run_address>
         <size>0x2bd</size>
         <input_file_ref idref="fl-2d"/>
      </object_component>
      <object_component id="oc-2e1">
         <name>.debug_info</name>
         <load_address>0x3c65</load_address>
         <run_address>0x3c65</run_address>
         <size>0x162</size>
         <input_file_ref idref="fl-2d"/>
      </object_component>
      <object_component id="oc-2db">
         <name>.debug_info</name>
         <load_address>0x3dc7</load_address>
         <run_address>0x3dc7</run_address>
         <size>0x166</size>
         <input_file_ref idref="fl-2d"/>
      </object_component>
      <object_component id="oc-25c">
         <name>.debug_info</name>
         <load_address>0x3f2d</load_address>
         <run_address>0x3f2d</run_address>
         <size>0x184</size>
         <input_file_ref idref="fl-2d"/>
      </object_component>
      <object_component id="oc-365">
         <name>.debug_info</name>
         <load_address>0x40b1</load_address>
         <run_address>0x40b1</run_address>
         <size>0xb2</size>
         <input_file_ref idref="fl-2d"/>
      </object_component>
      <object_component id="oc-358">
         <name>.debug_info</name>
         <load_address>0x4163</load_address>
         <run_address>0x4163</run_address>
         <size>0x439</size>
         <input_file_ref idref="fl-2e"/>
      </object_component>
      <object_component id="oc-3af">
         <name>.debug_info</name>
         <load_address>0x459c</load_address>
         <run_address>0x459c</run_address>
         <size>0x2ff</size>
         <input_file_ref idref="fl-2e"/>
      </object_component>
      <object_component id="oc-353">
         <name>.debug_info</name>
         <load_address>0x489b</load_address>
         <run_address>0x489b</run_address>
         <size>0x2dc</size>
         <input_file_ref idref="fl-2e"/>
      </object_component>
      <object_component id="oc-2e5">
         <name>.debug_info</name>
         <load_address>0x4b77</load_address>
         <run_address>0x4b77</run_address>
         <size>0x33d</size>
         <input_file_ref idref="fl-2e"/>
      </object_component>
      <object_component id="oc-35e">
         <name>.debug_info</name>
         <load_address>0x4eb4</load_address>
         <run_address>0x4eb4</run_address>
         <size>0x86</size>
         <input_file_ref idref="fl-2e"/>
      </object_component>
      <object_component id="oc-3f3">
         <name>.debug_info</name>
         <load_address>0x4f3a</load_address>
         <run_address>0x4f3a</run_address>
         <size>0xa1</size>
         <input_file_ref idref="fl-2e"/>
      </object_component>
      <object_component id="oc-3c1">
         <name>.debug_info</name>
         <load_address>0x4fdb</load_address>
         <run_address>0x4fdb</run_address>
         <size>0x39</size>
         <input_file_ref idref="fl-2e"/>
      </object_component>
      <object_component id="oc-495">
         <name>.debug_info</name>
         <load_address>0x5014</load_address>
         <run_address>0x5014</run_address>
         <size>0x7a</size>
         <input_file_ref idref="fl-2e"/>
      </object_component>
      <object_component id="oc-43c">
         <name>.debug_info</name>
         <load_address>0x508e</load_address>
         <run_address>0x508e</run_address>
         <size>0x46</size>
         <input_file_ref idref="fl-2e"/>
      </object_component>
      <object_component id="oc-3bc">
         <name>.debug_info</name>
         <load_address>0x50d4</load_address>
         <run_address>0x50d4</run_address>
         <size>0x2c</size>
         <input_file_ref idref="fl-2e"/>
      </object_component>
      <object_component id="oc-3a3">
         <name>.debug_info</name>
         <load_address>0x5100</load_address>
         <run_address>0x5100</run_address>
         <size>0x25b</size>
         <input_file_ref idref="fl-2f"/>
      </object_component>
      <object_component id="oc-346">
         <name>.debug_info</name>
         <load_address>0x535b</load_address>
         <run_address>0x535b</run_address>
         <size>0x1d0</size>
         <input_file_ref idref="fl-2f"/>
      </object_component>
      <object_component id="oc-3a1">
         <name>.debug_info</name>
         <load_address>0x552b</load_address>
         <run_address>0x552b</run_address>
         <size>0x2d4</size>
         <input_file_ref idref="fl-30"/>
      </object_component>
      <object_component id="oc-340">
         <name>.debug_info</name>
         <load_address>0x57ff</load_address>
         <run_address>0x57ff</run_address>
         <size>0x2c7</size>
         <input_file_ref idref="fl-30"/>
      </object_component>
      <object_component id="oc-3db">
         <name>.debug_info</name>
         <load_address>0x5ac6</load_address>
         <run_address>0x5ac6</run_address>
         <size>0x1d8</size>
         <input_file_ref idref="fl-31"/>
      </object_component>
      <object_component id="oc-38c">
         <name>.debug_info</name>
         <load_address>0x5c9e</load_address>
         <run_address>0x5c9e</run_address>
         <size>0x196</size>
         <input_file_ref idref="fl-31"/>
      </object_component>
      <object_component id="oc-41c">
         <name>.debug_info</name>
         <load_address>0x5e34</load_address>
         <run_address>0x5e34</run_address>
         <size>0xbf</size>
         <input_file_ref idref="fl-31"/>
      </object_component>
      <object_component id="oc-41b">
         <name>.debug_info</name>
         <load_address>0x5ef3</load_address>
         <run_address>0x5ef3</run_address>
         <size>0x24c</size>
         <input_file_ref idref="fl-32"/>
      </object_component>
      <object_component id="oc-3d5">
         <name>.debug_info</name>
[...]
         <name>__mspabi_func_epilog_1</name>
         <value>0xd560</value>
         <object_component_ref idref="oc-c2"/>
      </symbol>
      <symbol id="sm-32f">
         <name>__mspabi_func_epilog_6</name>
         <value>0xd556</value>
         <object_component_ref idref="oc-c2"/>
      </symbol>
      <symbol id="sm-330">
         <name>__mspabi_func_epilog_7</name>
         <value>0xd554</value>
         <object_component_ref idref="oc-c2"/>
      </symbol>
      <symbol id="sm-331">
         <name>__mspabi_func_epilog_4</name>
         <value>0xd55a</value>
         <object_component_ref idref="oc-c2"/>
      </symbol>
      <symbol id="sm-332">
         <name>__mspabi_func_epilog_5</name>
         <value>0xd558</value>
         <object_component_ref idref="oc-c2"/>
      </symbol>
      <symbol id="sm-335">
         <name>__TI_int00</name>
         <value>0xffe0</value>
         <object_component_ref idref="oc-40"/>
      </symbol>
      <symbol id="sm-338">
         <name>__TI_int02</name>
         <value>0xffe4</value>
         <object_component_ref idref="oc-41"/>
      </symbol>
      <symbol id="sm-33b">
         <name>__TI_int03</name>
         <value>0xffe6</value>
         <object_component_ref idref="oc-42"/>
      </symbol>
      <symbol id="sm-33e">
         <name>__TI_int05</name>
         <value>0xffea</value>
         <object_component_ref idref="oc-43"/>
      </symbol>
      <symbol id="sm-341">
         <name>__TI_int06</name>
         <value>0xffec</value>
         <object_component_ref idref="oc-44"/>
      </symbol>
      <symbol id="sm-344">
         <name>__TI_int08</name>
         <value>0xfff0</value>
         <object_component_ref idref="oc-46"/>
      </symbol>
      <symbol id="sm-347">
         <name>__TI_int09</name>
         <value>0xfff2</value>
         <object_component_ref idref="oc-47"/>
      </symbol>
      <symbol id="sm-34a">
         <name>__TI_int11</name>
         <value>0xfff6</value>
         <object_component_ref idref="oc-49"/>
      </symbol>
      <symbol id="sm-34d">
         <name>__TI_int12</name>
         <value>0xfff8</value>
         <object_component_ref idref="oc-4a"/>
      </symbol>
      <symbol id="sm-350">
         <name>__TI_int13</name>
         <value>0xfffa</value>
         <object_component_ref idref="oc-4b"/>
      </symbol>
      <symbol id="sm-353">
         <name>__TI_int14</name>
         <value>0xfffc</value>
         <object_component_ref idref="oc-4c"/>
      </symbol>
      <symbol id="sm-35b">
         <name>__TI_ISR_TRAP</name>
         <value>0xd58c</value>
         <object_component_ref idref="oc-df"/>
      </symbol>
      <symbol id="sm-363">
         <name>__mspabi_slli</name>
         <value>0xd20c</value>
         <object_component_ref idref="oc-b8"/>
      </symbol>
      <symbol id="sm-364">
         <name>__mspabi_slli_9</name>
         <value>0xd224</value>
         <object_component_ref idref="oc-b8"/>
      </symbol>
      <symbol id="sm-365">
         <name>__mspabi_slli_8</name>
         <value>0xd226</value>
         <object_component_ref idref="oc-b8"/>
      </symbol>
      <symbol id="sm-366">
         <name>__mspabi_slli_7</name>
         <value>0xd228</value>
         <object_component_ref idref="oc-b8"/>
      </symbol>
      <symbol id="sm-367">
         <name>__mspabi_slli_6</name>
         <value>0xd22a</value>
         <object_component_ref idref="oc-b8"/>
      </symbol>
      <symbol id="sm-368">
         <name>__mspabi_slli_5</name>
         <value>0xd22c</value>
         <object_component_ref idref="oc-b8"/>
      </symbol>
      <symbol id="sm-369">
         <name>__mspabi_slli_4</name>
         <value>0xd22e</value>
         <object_component_ref idref="oc-b8"/>
      </symbol>
      <symbol id="sm-36a">
         <name>__mspabi_slli_3</name>
         <value>0xd230</value>
         <object_component_ref idref="oc-b8"/>
      </symbol>
      <symbol id="sm-36b">
         <name>__mspabi_slli_2</name>
         <value>0xd232</value>
         <object_component_ref idref="oc-b8"/>
      </symbol>
      <symbol id="sm-36c">
         <name>__mspabi_slli_1</name>
         <value>0xd234</value>
         <object_component_ref idref="oc-b8"/>
      </symbol>
      <symbol id="sm-36d">
         <name>__mspabi_slli_15</name>
         <value>0xd218</value>
         <object_component_ref idref="oc-b8"/>
      </symbol>
      <symbol id="sm-36e">
         <name>__mspabi_slli_14</name>
         <value>0xd21a</value>
         <object_component_ref idref="oc-b8"/>
      </symbol>
      <symbol id="sm-36f">
         <name>__mspabi_slli_13</name>
         <value>0xd21c</value>
         <object_component_ref idref="oc-b8"/>
      </symbol>
      <symbol id="sm-370">
         <name>__mspabi_slli_12</name>
         <value>0xd21e</value>
         <object_component_ref idref="oc-b8"/>
      </symbol>
      <symbol id="sm-371">
         <name>__mspabi_slli_11</name>
         <value>0xd220</value>
         <object_component_ref idref="oc-b8"/>
      </symbol>
      <symbol id="sm-372">
         <name>__mspabi_slli_10</name>
         <value>0xd222</value>
         <object_component_ref idref="oc-b8"/>
      </symbol>
      <symbol id="sm-37a">
         <name>__mspabi_srli_8</name>
         <value>0xcdf8</value>
         <object_component_ref idref="oc-bd"/>
      </symbol>
      <symbol id="sm-37b">
         <name>__mspabi_srli_9</name>
         <value>0xcdf4</value>
         <object_component_ref idref="oc-bd"/>
      </symbol>
      <symbol id="sm-37c">
         <name>__mspabi_srli_6</name>
         <value>0xce00</value>
         <object_component_ref idref="oc-bd"/>
      </symbol>
      <symbol id="sm-37d">
         <name>__mspabi_srli_7</name>
         <value>0xcdfc</value>
         <object_component_ref idref="oc-bd"/>
      </symbol>
      <symbol id="sm-37e">
         <name>__mspabi_srli_4</name>
         <value>0xce08</value>
         <object_component_ref idref="oc-bd"/>
      </symbol>
      <symbol id="sm-37f">
         <name>__mspabi_srli_5</name>
         <value>0xce04</value>
         <object_component_ref idref="oc-bd"/>
      </symbol>
      <symbol id="sm-380">
         <name>__mspabi_srli_2</name>
         <value>0xce10</value>
         <object_component_ref idref="oc-bd"/>
      </symbol>
      <symbol id="sm-381">
         <name>__mspabi_srli_3</name>
         <value>0xce0c</value>
         <object_component_ref idref="oc-bd"/>
      </symbol>
      <symbol id="sm-382">
         <name>__mspabi_srli_1</name>
         <value>0xce14</value>
         <object_component_ref idref="oc-bd"/>
      </symbol>
      <symbol id="sm-383">
         <name>__mspabi_srli</name>
         <value>0xcdce</value>
         <object_component_ref idref="oc-bd"/>
      </symbol>
      <symbol id="sm-384">
         <name>__mspabi_srli_15</name>
         <value>0xcddc</value>
         <object_component_ref idref="oc-bd"/>
      </symbol>
      <symbol id="sm-385">
         <name>__mspabi_srli_14</name>
         <value>0xcde0</value>
         <object_component_ref idref="oc-bd"/>
      </symbol>
      <symbol id="sm-386">
         <name>__mspabi_srli_13</name>
         <value>0xcde4</value>
         <object_component_ref idref="oc-bd"/>
      </symbol>
      <symbol id="sm-387">
         <name>__mspabi_srli_12</name>
         <value>0xcde8</value>
         <object_component_ref idref="oc-bd"/>
      </symbol>
      <symbol id="sm-388">
         <name>__mspabi_srli_11</name>
         <value>0xcdec</value>
         <object_component_ref idref="oc-bd"/>
      </symbol>
      <symbol id="sm-389">
         <name>__mspabi_srli_10</name>
         <value>0xcdf0</value>
         <object_component_ref idref="oc-bd"/>
      </symbol>
      <symbol id="sm-393">
         <name>__mspabi_mpyi_sw</name>
         <value>0xd4f6</value>
         <object_component_ref idref="oc-30c"/>
      </symbol>
      <symbol id="sm-394">
         <name>__mspabi_mpyi</name>
         <value>0xd4f6</value>
         <object_component_ref idref="oc-30c"/>
      </symbol>
      <symbol id="sm-3a4">
         <name>_stack</name>
         <value>0x3b0</value>
         <object_component_ref idref="oc-b1"/>
      </symbol>
      <symbol id="sm-3a5">
         <name>_c_int00_noargs</name>
         <value>0xd3aa</value>
         <object_component_ref idref="oc-102"/>
      </symbol>
      <symbol id="sm-3a6">
         <name>_reset_vector</name>
         <value>0xfffe</value>
         <object_component_ref idref="oc-b4"/>
      </symbol>
      <symbol id="sm-3c8">
         <name>__TI_auto_init_nobinit_nopinit</name>
         <value>0xcf32</value>
         <object_component_ref idref="oc-1dc"/>
      </symbol>
      <symbol id="sm-3db">
         <name>__TI_zero_init_nomemset</name>
         <value>0xd4ba</value>
         <object_component_ref idref="oc-f0"/>
      </symbol>
      <symbol id="sm-3ea">
         <name>__TI_dtors_ptr</name>
         <value>0xf4</value>
         <object_component_ref idref="oc-266"/>
      </symbol>
      <symbol id="sm-3eb">
         <name>__TI_cleanup_ptr</name>
         <value>0xf2</value>
         <object_component_ref idref="oc-269"/>
      </symbol>
      <symbol id="sm-3f8">
         <name>_system_pre_init</name>
         <value>0xd5b2</value>
         <object_component_ref idref="oc-15f"/>
      </symbol>
      <symbol id="sm-401">
         <name>_system_post_cinit</name>
         <value>0xd5c0</value>
         <object_component_ref idref="oc-271"/>
      </symbol>
      <symbol id="sm-417">
         <name>__TI_decompress_none</name>
         <value>0xd530</value>
         <object_component_ref idref="oc-3a"/>
      </symbol>
      <symbol id="sm-43a">
         <name>__TI_decompress_lzss</name>
         <value>0xc8a2</value>
         <object_component_ref idref="oc-34"/>
      </symbol>
      <symbol id="sm-462">
         <name>C$$EXIT</name>
         <value>0xd5a8</value>
         <object_component_ref idref="oc-1d0"/>
      </symbol>
      <symbol id="sm-463">
         <name>abort</name>
         <value>0xd5a8</value>
         <object_component_ref idref="oc-1d0"/>
      </symbol>
      <symbol id="sm-464">
         <name>__TI_enable_exit_profile_output</name>
         <value>0xfc</value>
         <object_component_ref idref="oc-260"/>
      </symbol>
      <symbol id="sm-465">
         <name>exit</name>
         <value>0xceee</value>
         <object_component_ref idref="oc-1d6"/>
      </symbol>
      <symbol id="sm-47b">
         <name>_nop</name>
         <value>0xd5be</value>
         <object_component_ref idref="oc-2ed"/>
      </symbol>
      <symbol id="sm-47c">
         <name>_lock</name>
         <value>0xf6</value>
         <object_component_ref idref="oc-263"/>
      </symbol>
      <symbol id="sm-47d">
         <name>_unlock</name>
         <value>0xf8</value>
         <object_component_ref idref="oc-26c"/>
      </symbol>
      <symbol id="sm-491">
         <name>__TI_tmpnams</name>
         <value>0x0</value>
      </symbol>
      <symbol id="sm-492">
         <name>_ftable</name>
         <value>0x0</value>
         <object_component_ref idref="oc-2d4"/>
      </symbol>
      <symbol id="sm-493">
         <name>__TI_ft_end</name>
         <value>0xfa</value>
         <object_component_ref idref="oc-461"/>
      </symbol>
      <symbol id="sm-4a2">
         <name>memccpy</name>
         <value>0xd34a</value>
         <object_component_ref idref="oc-3b3"/>
      </symbol>
      <symbol id="sm-4b1">
         <name>memchr</name>
         <value>0xd4ce</value>
         <object_component_ref idref="oc-38e"/>
      </symbol>
      <symbol id="sm-4bf">
         <name>memcpy</name>
         <value>0xd542</value>
         <object_component_ref idref="oc-d2"/>
      </symbol>
      <symbol id="sm-53d">
         <name>_sys_memory</name>
         <value>0x320</value>
         <object_component_ref idref="oc-b5"/>
      </symbol>
      <symbol id="sm-53e">
         <name>free</name>
         <value>0xc3e2</value>
         <object_component_ref idref="oc-408"/>
      </symbol>
      <symbol id="sm-53f">
         <name>memalign</name>
         <value>0xc116</value>
         <object_component_ref idref="oc-454"/>
      </symbol>
      <symbol id="sm-540">
         <name>malloc</name>
         <value>0xd594</value>
         <object_component_ref idref="oc-40e"/>
      </symbol>
      <symbol id="sm-541">
         <name>aligned_alloc</name>
         <value>0xc116</value>
         <object_component_ref idref="oc-454"/>
      </symbol>
      <symbol id="sm-54f">
         <name>memset</name>
         <value>0xd4e2</value>
         <object_component_ref idref="oc-3a6"/>
      </symbol>
      <symbol id="sm-55e">
         <name>strchr</name>
         <value>0xd3fe</value>
         <object_component_ref idref="oc-50d"/>
      </symbol>
      <symbol id="sm-56c">
         <name>strcmp</name>
         <value>0xd44a</value>
         <object_component_ref idref="oc-2cb"/>
      </symbol>
      <symbol id="sm-579">
         <name>strlen</name>
         <value>0xd574</value>
         <object_component_ref idref="oc-34b"/>
      </symbol>
      <symbol id="sm-589">
         <name>strncpy</name>
         <value>0xd238</value>
         <object_component_ref idref="oc-513"/>
      </symbol>
      <symbol id="sm-5a3">
         <name>write</name>
         <value>0xd326</value>
         <object_component_ref idref="oc-39a"/>
      </symbol>
      <symbol id="sm-5b2">
         <name>_stream</name>
         <value>0xc6</value>
         <object_component_ref idref="oc-3e0"/>
      </symbol>
      <symbol id="sm-5b3">
         <name>_device</name>
         <value>0x78</value>
         <object_component_ref idref="oc-427"/>
      </symbol>
      <symbol id="sm-5c5">
         <name>__TI_doflush</name>
         <value>0xcc14</value>
         <object_component_ref idref="oc-394"/>
      </symbol>
      <symbol id="sm-5d1">
         <name>__TI_cleanup</name>
         <value>0xd062</value>
         <object_component_ref idref="oc-414"/>
      </symbol>
      <symbol id="sm-5e6">
         <name>fseeko</name>
         <value>0xca0a</value>
         <object_component_ref idref="oc-3ce"/>
      </symbol>
      <symbol id="sm-5e7">
         <name>fseek</name>
         <value>0xca0a</value>
         <object_component_ref idref="oc-3ce"/>
      </symbol>
      <symbol id="sm-5f1">
         <name>__mspabi_slll_9</name>
         <value>0xcfcc</value>
         <object_component_ref idref="oc-4d2"/>
      </symbol>
      <symbol id="sm-5f2">
         <name>__mspabi_slll_8</name>
         <value>0xcfd0</value>
         <object_component_ref idref="oc-4d2"/>
      </symbol>
      <symbol id="sm-5f3">
         <name>__mspabi_slll_7</name>
         <value>0xcfd4</value>
         <object_component_ref idref="oc-4d2"/>
      </symbol>
      <symbol id="sm-5f4">
         <name>__mspabi_slll_6</name>
         <value>0xcfd8</value>
         <object_component_ref idref="oc-4d2"/>
      </symbol>
      <symbol id="sm-5f5">
         <name>__mspabi_slll_5</name>
         <value>0xcfdc</value>
         <object_component_ref idref="oc-4d2"/>
      </symbol>
      <symbol id="sm-5f6">
         <name>__mspabi_slll_4</name>
         <value>0xcfe0</value>
         <object_component_ref idref="oc-4d2"/>
      </symbol>
      <symbol id="sm-5f7">
         <name>__mspabi_slll_3</name>
         <value>0xcfe4</value>
         <object_component_ref idref="oc-4d2"/>
      </symbol>
      <symbol id="sm-5f8">
         <name>__mspabi_slll_2</name>
         <value>0xcfe8</value>
         <object_component_ref idref="oc-4d2"/>
      </symbol>
      <symbol id="sm-5f9">
         <name>__mspabi_slll_1</name>
         <value>0xcfec</value>
         <object_component_ref idref="oc-4d2"/>
      </symbol>
      <symbol id="sm-5fa">
         <name>__mspabi_slll_15</name>
         <value>0xcfb4</value>
         <object_component_ref idref="oc-4d2"/>
      </symbol>
      <symbol id="sm-5fb">
         <name>__mspabi_slll_14</name>
         <value>0xcfb8</value>
         <object_component_ref idref="oc-4d2"/>
      </symbol>
      <symbol id="sm-5fc">
         <name>__mspabi_slll_13</name>
         <value>0xcfbc</value>
         <object_component_ref idref="oc-4d2"/>
      </symbol>
      <symbol id="sm-5fd">
         <name>__mspabi_slll_12</name>
         <value>0xcfc0</value>
         <object_component_ref idref="oc-4d2"/>
      </symbol>
      <symbol id="sm-5fe">
         <name>__mspabi_slll_11</name>
         <value>0xcfc4</value>
         <object_component_ref idref="oc-4d2"/>
      </symbol>
      <symbol id="sm-5ff">
         <name>__mspabi_slll_10</name>
         <value>0xcfc8</value>
         <object_component_ref idref="oc-4d2"/>
      </symbol>
      <symbol id="sm-610">
         <name>HOSTclose</name>
         <value>0xceaa</value>
         <object_component_ref idref="oc-46d"/>
      </symbol>
      <symbol id="sm-61c">
         <name>HOSTlseek</name>
         <value>0xc81a</value>
         <object_component_ref idref="oc-47f"/>
      </symbol>
      <symbol id="sm-62a">
         <name>parmbuf</name>
         <value>0xf4</value>
      </symbol>
      <symbol id="sm-62b">
         <name>HOSTopen</name>
         <value>0xcb4c</value>
         <object_component_ref idref="oc-467"/>
      </symbol>
      <symbol id="sm-638">
         <name>HOSTread</name>
         <value>0xcc76</value>
         <object_component_ref idref="oc-473"/>
      </symbol>
      <symbol id="sm-644">
         <name>HOSTrename</name>
         <value>0xca7a</value>
         <object_component_ref idref="oc-48b"/>
      </symbol>
      <symbol id="sm-650">
         <name>HOSTunlink</name>
         <value>0xcf74</value>
         <object_component_ref idref="oc-485"/>
      </symbol>
      <symbol id="sm-65d">
         <name>HOSTwrite</name>
         <value>0xcbb2</value>
         <object_component_ref idref="oc-479"/>
      </symbol>
      <symbol id="sm-67b">
         <name>__TI_readmsg</name>
         <value>0xd188</value>
         <object_component_ref idref="oc-4c5"/>
      </symbol>
      <symbol id="sm-67c">
         <name>C$$IO$$</name>
         <value>0xd184</value>
         <object_component_ref idref="oc-4bf"/>
      </symbol>
      <symbol id="sm-67d">
         <name>_CIOBUF_</name>
         <value>0x200</value>
         <object_component_ref idref="oc-4f6"/>
      </symbol>
      <symbol id="sm-67e">
         <name>__TI_writemsg</name>
         <value>0xd15a</value>
         <object_component_ref idref="oc-4bf"/>
      </symbol>
      <symbol id="sm-68c">
         <name>lseek</name>
         <value>0xd2dc</value>
         <object_component_ref idref="oc-3fb"/>
      </symbol>
      <symbol id="sm-69c">
         <name>__TI_closefile</name>
         <value>0xc998</value>
         <object_component_ref idref="oc-45b"/>
      </symbol>
      <symbol id="sm-6bf">
         <name>finddevice</name>
         <value>0xd096</value>
         <object_component_ref idref="oc-519"/>
      </symbol>
      <symbol id="sm-6c0">
         <name>getdevice</name>
         <value>0xccd6</value>
         <object_component_ref idref="oc-4ea"/>
      </symbol>
      <symbol id="sm-6cf">
         <name>strcpy</name>
         <value>0xd564</value>
         <object_component_ref idref="oc-4db"/>
      </symbol>
      <symbol id="sm-6e2">
         <name>close</name>
         <value>0xce1a</value>
         <object_component_ref idref="oc-4ab"/>
      </symbol>
      <symbol id="sm-6ef">
         <name>unlink</name>
         <value>0xd2b4</value>
         <object_component_ref idref="oc-4b2"/>
      </symbol>
      <symbol id="sm-6f2">
         <name>boardInit</name>
         <value>0xcd80</value>
      </symbol>
      <symbol id="sm-6f3">
         <name>remove</name>
         <value>0xd2b4</value>
      </symbol>
   </symbol_table>
   <title>Link errors: red sections failed placement,available memory ranges in purple</title>
</link_info>
