******************************************************************************
                  MSP430 Linker PC v21.6.1                     
******************************************************************************
>> Linked Fri Feb 14 18:37:20 2025

OUTPUT FILE NAME:   <final-micros.out>
ENTRY POINT SYMBOL: "_c_int00_noargs"  address: 0000d3aa


MEMORY CONFIGURATION

         name            origin    length      used     unused   attr    fill
----------------------  --------  ---------  --------  --------  ----  --------
  SFR                   00000000   00000010  00000000  00000010  RWIX
  PERIPHERALS_8BIT      00000010   000000f0  00000000  000000f0  RWIX
  PERIPHERALS_16BIT     00000100   00000100  00000000  00000100  RWIX
  RAM                   00000200   00000200  000001c0  00000040  RWIX
  INFOD                 00001000   00000040  00000000  00000040  RWIX
  INFOC                 00001040   00000040  00000000  00000040  RWIX
  INFOB                 00001080   00000040  00000000  00000040  RWIX
  INFOA                 000010c0   00000040  00000000  00000040  RWIX
  FLASH                 0000c000   00003fde  00001658  00002986  RWIX
  BSLSIGNATURE          0000ffde   00000002  00000002  00000000  RWIX  ffff 
  INT00                 0000ffe0   00000002  00000002  00000000  RWIX
  INT01                 0000ffe2   00000002  00000000  00000002  RWIX
  INT02                 0000ffe4   00000002  00000002  00000000  RWIX
  INT03                 0000ffe6   00000002  00000002  00000000  RWIX
  INT04                 0000ffe8   00000002  00000000  00000002  RWIX
  INT05                 0000ffea   00000002  00000002  00000000  RWIX
  INT06                 0000ffec   00000002  00000002  00000000  RWIX
  INT07                 0000ffee   00000002  00000002  00000000  RWIX
  INT08                 0000fff0   00000002  00000002  00000000  RWIX
  INT09                 0000fff2   00000002  00000002  00000000  RWIX
  INT10                 0000fff4   00000002  00000002  00000000  RWIX
  INT11                 0000fff6   00000002  00000002  00000000  RWIX
  INT12                 0000fff8   00000002  00000002  00000000  RWIX
  INT13                 0000fffa   00000002  00000002  00000000  RWIX
  INT14                 0000fffc   00000002  00000002  00000000  RWIX
  RESET                 0000fffe   00000002  00000002  00000000  RWIX


SECTION ALLOCATION MAP

 output                                  attributes/
section   page    origin      length       input sections
--------  ----  ----------  ----------   ----------------
.bss       0    00000000    00000104     FAILED TO ALLOCATE
.data      0    00000000    00000102     FAILED TO ALLOCATE
.sysmem    0    00000320    00000050     UNINITIALIZED
                  00000320    00000008     rts430_eabi.lib : memory.c.obj (.sysmem)
                  00000328    00000048     --HOLE--

.stack     0    000003b0    00000050     UNINITIALIZED
                  000003b0    00000002     rts430_eabi.lib : boot.c.obj (.stack)
                  000003b2    0000004e     --HOLE--

.text      0    0000c000    000015c2     
                  0000c000    00000116     rts430_eabi.lib : _printfi.c.obj (.text:__TI_printfi_minimal:_setfield___TI_printfi_minimal)
                  0000c116    000000f6                     : memory.c.obj (.text:aligned_alloc)
                  0000c20c    000000ec                     : _printfi.c.obj (.text:__TI_printfi_minimal:__TI_printfi_minimal)
                  0000c2f8    000000ea                     : fputs.c.obj (.text:fputs)
                  0000c3e2    000000d2                     : memory.c.obj (.text:free)
                  0000c4b4    000000d0                     : setvbuf.c.obj (.text:setvbuf)
                  0000c584    000000ca                     : _printfi.c.obj (.text:__TI_printfi_minimal:_pproc_diouxp___TI_printfi_minimal)
                  0000c64e    000000a0     timer.obj (.text:timer_isr)
                  0000c6ee    0000009c     gpio.obj (.text:gpioMode)
                  0000c78a    00000090     rts430_eabi.lib : fputc.c.obj (.text:fputc)
                  0000c81a    00000088                     : hostlseek.c.obj (.text:HOSTlseek)
                  0000c8a2    0000007c                     : copy_decompress_lzss.c.obj (.text:decompress:lzss:__TI_decompress_lzss)
                  0000c91e    0000007a                     : _io_perm.c.obj (.text:__TI_wrt_ok)
                  0000c998    00000072                     : fclose.c.obj (.text:__TI_closefile)
                  0000ca0a    00000070                     : fseek.c.obj (.text:fseeko)
                  0000ca7a    0000006a                     : hostrename.c.obj (.text:HOSTrename)
                  0000cae4    00000068                     : memory.c.obj (.text:split)
                  0000cb4c    00000066                     : hostopen.c.obj (.text:HOSTopen)
                  0000cbb2    00000062                     : hostwrite.c.obj (.text:HOSTwrite)
                  0000cc14    00000062                     : fflush.c.obj (.text:__TI_doflush)
                  0000cc76    00000060                     : hostread.c.obj (.text:HOSTread)
                  0000ccd6    00000058                     : getdevice.c.obj (.text:getdevice)
                  0000cd2e    00000052     gpio.obj (.text:gpioWrite)
                  0000cd80    0000004e     UART.obj (.text:uart_init)
                  0000cdce    0000004c     rts430_eabi.lib : lsr16.asm.obj (.text)
                  0000ce1a    0000004a                     : close.c.obj (.text:close)
                  0000ce64    00000046     timer.obj (.text:timerStart)
                  0000ceaa    00000044     rts430_eabi.lib : hostclose.c.obj (.text:HOSTclose)
                  0000ceee    00000044                     : exit.c.obj (.text:exit)
                  0000cf32    00000042                     : autoinit.c.obj (.text:__TI_auto_init_nobinit_nopinit:__TI_auto_init_nobinit_nopinit)
                  0000cf74    00000040                     : hostunlink.c.obj (.text:HOSTunlink)
                  0000cfb4    0000003e                     : lsl32.asm.obj (.text:l_lsl_const)
                  0000cff2    0000003c                     : printf.c.obj (.text:printf)
                  0000d02e    00000034     main.obj (.text:AppInit)
                  0000d062    00000034     rts430_eabi.lib : fopen.c.obj (.text:__TI_cleanup)
                  0000d096    00000034                     : getdevice.c.obj (.text:finddevice)
                  0000d0ca    00000032     commpc.obj (.text:uart_read_line)
                  0000d0fc    00000030     cqueue.obj (.text:PushQueue)
                  0000d12c    0000002e     cqueue.obj (.text:PullQueue)
                  0000d15a    0000002e     rts430_eabi.lib : trgmsg.c.obj (.text:__TI_writemsg)
                  0000d188    0000002c                     : trgmsg.c.obj (.text:__TI_readmsg)
                  0000d1b4    0000002c     commpc.obj (.text:check_comm)
                  0000d1e0    0000002c     rts430_eabi.lib : asr16.asm.obj (.text)
                  0000d20c    0000002c                     : lsl16.asm.obj (.text)
                  0000d238    0000002c                     : strncpy.c.obj (.text:strncpy)
                  0000d264    00000028                     : memory.c.obj (.text:free_list_insert)
                  0000d28c    00000028     UART.obj (.text:uart_rx_isr)
                  0000d2b4    00000028     rts430_eabi.lib : unlink.c.obj (.text:unlink)
                  0000d2dc    00000026                     : lseek.c.obj (.text:lseek)
                  0000d302    00000024     rti.obj (.text:rtiInit)
                  0000d326    00000024     rts430_eabi.lib : write.c.obj (.text:write)
                  0000d34a    00000022                     : memccpy.c.obj (.text:memccpy)
                  0000d36c    00000020     rti.obj (.text:rti_isr)
                  0000d38c    0000001e     main.obj (.text:main)
                  0000d3aa    0000001c     rts430_eabi.lib : boot.c.obj (.text:_c_int00_noargs)
                  0000d3c6    0000001c                     : memory.c.obj (.text:free_list_remove)
                  0000d3e2    0000001c     system.obj (.text:systemInitFirst)
                  0000d3fe    0000001a     rts430_eabi.lib : strchr.c.obj (.text:strchr)
                  0000d418    0000001a     system.obj (.text:timer_set_init)
                  0000d432    00000018     commpc.obj (.text:LED_status)
                  0000d44a    00000018     rts430_eabi.lib : strcmp.c.obj (.text:strcmp)
                  0000d462    00000018     UART.obj (.text:uart_get_char)
                  0000d47a    00000016     rts430_eabi.lib : div16u.asm.obj (.text)
                  0000d490    00000016     timer.obj (.text:timerGetId)
                  0000d4a6    00000014     commpc.obj (.text:LED_conectionStatus_init)
                  0000d4ba    00000014     rts430_eabi.lib : copy_zero_init.c.obj (.text:decompress:ZI:__TI_zero_init_nomemset:__TI_zero_init_nomemset)
                  0000d4ce    00000014                     : memchr.c.obj (.text:memchr)
                  0000d4e2    00000014                     : memset.c.obj (.text:memset)
                  0000d4f6    00000014                     : mult16.asm.obj (.text)
                  0000d50a    00000014     timer.obj (.text:timerInit)
                  0000d51e    00000012     cqueue.obj (.text:QueueInit)
                  0000d530    00000012     rts430_eabi.lib : copy_decompress_none.c.obj (.text:decompress:none:__TI_decompress_none)
                  0000d542    00000012                     : memcpy.c.obj (.text:memcpy)
                  0000d554    00000010                     : epilog.asm.obj (.text)
                  0000d564    00000010                     : strcpy.c.obj (.text:strcpy)
                  0000d574    0000000e                     : strlen.c.obj (.text:strlen)
                  0000d582    0000000a     system.obj (.text:step_on)
                  0000d58c    00000008     rts430_eabi.lib : isr_trap.asm.obj (.text:_isr:__TI_ISR_TRAP)
                  0000d594    00000008                     : memory.c.obj (.text:malloc)
                  0000d59c    00000006     cqueue.obj (.text:QueueStatus)
                  0000d5a2    00000006     rts430_eabi.lib : printf.c.obj (.text:_outc)
                  0000d5a8    00000006                     : exit.c.obj (.text:abort)
                  0000d5ae    00000004                     : printf.c.obj (.text:_outs)
                  0000d5b2    00000004                     : pre_init.c.obj (.text:_system_pre_init)
                  0000d5b6    00000004     UART.obj (.text:getRXStatus)
                  0000d5ba    00000004     system.obj (.text:systemInitLast)
                  0000d5be    00000002     rts430_eabi.lib : _lock.c.obj (.text:_nop)
                  0000d5c0    00000002                     : startup.c.obj (.text:_system_post_cinit)

.const     0    0000d5c2    0000005c     
                  0000d5c2    0000002c     commpc.obj (.const:.string)
                  0000d5ee    00000026     rts430_eabi.lib : _printfi.c.obj (.const:.string)
                  0000d614    0000000a     main.obj (.const:.string)

.cinit     0    0000d61e    0000003a     
                  0000d61e    00000028     (.cinit..data.load) [load image, compression = lzss]
                  0000d646    00000006     (__TI_handler_table)
                  0000d64c    00000004     (.cinit..bss.load) [load image, compression = zero_init]
                  0000d650    00000008     (__TI_cinit_table)

.cio       0    00000200    00000120     UNINITIALIZED
                  00000200    00000120     rts430_eabi.lib : trgmsg.c.obj (.cio)

.binit     0    0000c000    00000000     

.init_array 
*          0    0000c000    00000000     UNINITIALIZED

TRAPINT    0    0000ffe0    00000002     
                  0000ffe0    00000002     rts430_eabi.lib : int00.asm.obj (.int00)

PORT1      0    0000ffe4    00000002     
                  0000ffe4    00000002     rts430_eabi.lib : int02.asm.obj (.int02)

PORT2      0    0000ffe6    00000002     
                  0000ffe6    00000002     rts430_eabi.lib : int03.asm.obj (.int03)

ADC10      0    0000ffea    00000002     
                  0000ffea    00000002     rts430_eabi.lib : int05.asm.obj (.int05)

USCIAB0TX 
*          0    0000ffec    00000002     
                  0000ffec    00000002     rts430_eabi.lib : int06.asm.obj (.int06)

USCIAB0RX 
*          0    0000ffee    00000002     
                  0000ffee    00000002     UART.obj (.int07)

TIMER0_A1 
*          0    0000fff0    00000002     
                  0000fff0    00000002     rts430_eabi.lib : int08.asm.obj (.int08)

TIMER0_A0 
*          0    0000fff2    00000002     
                  0000fff2    00000002     rts430_eabi.lib : int09.asm.obj (.int09)

WDT        0    0000fff4    00000002     
                  0000fff4    00000002     rti.obj (.int10)

COMPARATORA 
*          0    0000fff6    00000002     
                  0000fff6    00000002     rts430_eabi.lib : int11.asm.obj (.int11)

TIMER1_A1 
*          0    0000fff8    00000002     
                  0000fff8    00000002     rts430_eabi.lib : int12.asm.obj (.int12)

TIMER1_A0 
*          0    0000fffa    00000002     
                  0000fffa    00000002     rts430_eabi.lib : int13.asm.obj (.int13)

NMI        0    0000fffc    00000002     
                  0000fffc    00000002     rts430_eabi.lib : int14.asm.obj (.int14)

.reset     0    0000fffe    00000002     
                  0000fffe    00000002     rts430_eabi.lib : boot.c.obj (.reset)

$fill000   0    0000ffde    00000002     
                  0000ffde    00000002     --HOLE-- [fill = ffff]

MODULE SUMMARY

       Module                       code   ro data   rw data
       ------                       ----   -------   -------
    .\
       timer.obj                    272    0         0      
       gpio.obj                     238    0         0      
       commpc.obj                   138    44        0      
       UART.obj                     146    2         0      
       cqueue.obj                   118    0         0      
       main.obj                     82     10        0      
       rti.obj                      68     2         0      
       system.obj                   68     0         0      
    +--+----------------------------+------+---------+---------+
       Total:                       1130   58        0      
                                                            
    C:\ti\ccs1250\ccs\tools\compiler\ti-cgt-msp430_21.6.1.LTS\lib\rts430_eabi.lib
       _printfi.c.obj               716    38        0      
       memory.c.obj                 636    0         0      
       trgmsg.c.obj                 90     0         288    
       fputs.c.obj                  234    0         0      
       setvbuf.c.obj                208    0         0      
       fputc.c.obj                  144    0         0      
       getdevice.c.obj              140    0         0      
       hostlseek.c.obj              136    0         0      
       copy_decompress_lzss.c.obj   124    0         0      
       _io_perm.c.obj               122    0         0      
       fclose.c.obj                 114    0         0      
       fseek.c.obj                  112    0         0      
       hostrename.c.obj             106    0         0      
       hostopen.c.obj               102    0         0      
       fflush.c.obj                 98     0         0      
       hostwrite.c.obj              98     0         0      
       hostread.c.obj               96     0         0      
       lsr16.asm.obj                76     0         0      
       close.c.obj                  74     0         0      
       exit.c.obj                   74     0         0      
       printf.c.obj                 70     0         0      
       hostclose.c.obj              68     0         0      
       autoinit.c.obj               66     0         0      
       hostunlink.c.obj             64     0         0      
       lsl32.asm.obj                62     0         0      
       fopen.c.obj                  52     0         0      
       asr16.asm.obj                44     0         0      
       lsl16.asm.obj                44     0         0      
       strncpy.c.obj                44     0         0      
       unlink.c.obj                 40     0         0      
       lseek.c.obj                  38     0         0      
       write.c.obj                  36     0         0      
       memccpy.c.obj                34     0         0      
       boot.c.obj                   28     2         0      
       strchr.c.obj                 26     0         0      
       strcmp.c.obj                 24     0         0      
       div16u.asm.obj               22     0         0      
       copy_zero_init.c.obj         20     0         0      
       memchr.c.obj                 20     0         0      
       memset.c.obj                 20     0         0      
       mult16.asm.obj               20     0         0      
       copy_decompress_none.c.obj   18     0         0      
       memcpy.c.obj                 18     0         0      
       epilog.asm.obj               16     0         0      
       strcpy.c.obj                 16     0         0      
       strlen.c.obj                 14     0         0      
       isr_trap.asm.obj             8      0         0      
       pre_init.c.obj               4      0         0      
       _lock.c.obj                  2      0         0      
       int00.asm.obj                0      2         0      
       int02.asm.obj                0      2         0      
       int03.asm.obj                0      2         0      
       int05.asm.obj                0      2         0      
       int06.asm.obj                0      2         0      
       int08.asm.obj                0      2         0      
       int09.asm.obj                0      2         0      
       int11.asm.obj                0      2         0      
       int12.asm.obj                0      2         0      
       int13.asm.obj                0      2         0      
       int14.asm.obj                0      2         0      
       startup.c.obj                2      0         0      
    +--+----------------------------+------+---------+---------+
       Total:                       4440   62        288    
                                                            
       Heap:                        0      0         80     
       Stack:                       0      0         80     
       Linker Generated:            0      58        0      
    +--+----------------------------+------+---------+---------+
       Grand Total:                 5570   178       448    


LINKER GENERATED COPY TABLES

__TI_cinit_table @ 0000d650 records: 2, size/record: 4, table size: 8
	.data: load addr=0000d61e, load size=00000028 bytes, run addr=00000000, run size=00000102 bytes, compression=lzss
	.bss: load addr=0000d64c, load size=00000004 bytes, run addr=00000000, run size=00000104 bytes, compression=zero_init


LINKER GENERATED HANDLER TABLE

__TI_handler_table @ 0000d646 records: 3, size/record: 2, table size: 6
	index: 0, handler: __TI_zero_init
	index: 1, handler: __TI_decompress_lzss
	index: 2, handler: __TI_decompress_none


GLOBAL SYMBOLS: SORTED ALPHABETICALLY BY Name 

address   name                           
-------   ----                           
0000004a  ADC10AE0                       
000001b0  ADC10CTL0                      
000001b2  ADC10CTL1                      
00000048  ADC10DTC0                      
00000049  ADC10DTC1                      
000001b4  ADC10MEM                       
000001bc  ADC10SA                        
0000d02e  AppInit                        
00000057  BCSCTL1                        
00000058  BCSCTL2                        
00000053  BCSCTL3                        
0000d5a8  C$$EXIT                        
0000d184  C$$IO$$                        
00000059  CACTL1                         
0000005a  CACTL2                         
000010fb  CALBC1_12MHZ                   
000010f9  CALBC1_16MHZ                   
000010ff  CALBC1_1MHZ                    
000010fd  CALBC1_8MHZ                    
000010fa  CALDCO_12MHZ                   
000010f8  CALDCO_16MHZ                   
000010fe  CALDCO_1MHZ                    
000010fc  CALDCO_8MHZ                    
0000005b  CAPD                           
00000056  DCOCTL                         
00000128  FCTL1                          
0000012a  FCTL2                          
0000012c  FCTL3                          
0000ceaa  HOSTclose                      
0000c81a  HOSTlseek                      
0000cb4c  HOSTopen                       
0000cc76  HOSTread                       
0000ca7a  HOSTrename                     
0000cf74  HOSTunlink                     
0000cbb2  HOSTwrite                      
00000000  IE1                            
00000001  IE2                            
00000002  IFG1                           
00000003  IFG2                           
0000d4a6  LED_conectionStatus_init       
0000d432  LED_status                     
00000022  P1DIR                          
00000025  P1IE                           
00000024  P1IES                          
00000023  P1IFG                          
00000020  P1IN                           
00000021  P1OUT                          
00000027  P1REN                          
00000026  P1SEL                          
00000041  P1SEL2                         
0000002a  P2DIR                          
0000002d  P2IE                           
0000002c  P2IES                          
0000002b  P2IFG                          
00000028  P2IN                           
00000029  P2OUT                          
0000002f  P2REN                          
0000002e  P2SEL                          
00000042  P2SEL2                         
0000001a  P3DIR                          
00000018  P3IN                           
00000019  P3OUT                          
00000010  P3REN                          
0000001b  P3SEL                          
00000043  P3SEL2                         
0000d12c  PullQueue                      
0000d0fc  PushQueue                      
0000d51e  QueueInit                      
0000d59c  QueueStatus                    
00000172  TA0CCR0                        
00000174  TA0CCR1                        
00000176  TA0CCR2                        
00000162  TA0CCTL0                       
00000164  TA0CCTL1                       
00000166  TA0CCTL2                       
00000160  TA0CTL                         
0000012e  TA0IV                          
00000170  TA0R                           
00000192  TA1CCR0                        
00000194  TA1CCR1                        
00000196  TA1CCR2                        
00000182  TA1CCTL0                       
00000184  TA1CCTL1                       
00000186  TA1CCTL2                       
00000180  TA1CTL                         
0000011e  TA1IV                          
00000190  TA1R                           
000010db  TLV_ADC10_1_LEN                
000010da  TLV_ADC10_1_TAG                
000010c0  TLV_CHECKSUM                   
000010f7  TLV_DCO_30_LEN                 
000010f6  TLV_DCO_30_TAG                 
0000005d  UCA0ABCTL                      
00000062  UCA0BR0                        
00000063  UCA0BR1                        
00000060  UCA0CTL0                       
00000061  UCA0CTL1                       
0000005f  UCA0IRRCTL                     
0000005e  UCA0IRTCTL                     
00000064  UCA0MCTL                       
00000066  UCA0RXBUF                      
00000065  UCA0STAT                       
00000067  UCA0TXBUF                      
0000006a  UCB0BR0                        
0000006b  UCB0BR1                        
00000068  UCB0CTL0                       
00000069  UCB0CTL1                       
0000006c  UCB0I2CIE                      
00000118  UCB0I2COA                      
0000011a  UCB0I2CSA                      
0000006e  UCB0RXBUF                      
0000006d  UCB0STAT                       
0000006f  UCB0TXBUF                      
00000120  WDTCTL                         
00000200  _CIOBUF_                       
00000400  __STACK_END                    
00000050  __STACK_SIZE                   
00000050  __SYSMEM_SIZE                  
0000d650  __TI_CINIT_Base                
0000d658  __TI_CINIT_Limit               
0000d658  __TI_CINIT_Warm                
0000d646  __TI_Handler_Table_Base        
0000d64c  __TI_Handler_Table_Limit       
0000d58c  __TI_ISR_TRAP                  
0000cf32  __TI_auto_init_nobinit_nopinit 
0000d062  __TI_cleanup                   
000000f2  __TI_cleanup_ptr               
0000c998  __TI_closefile                 
0000c8a2  __TI_decompress_lzss           
0000d530  __TI_decompress_none           
0000cc14  __TI_doflush                   
000000f4  __TI_dtors_ptr                 
000000fc  __TI_enable_exit_profile_output
000000fa  __TI_ft_end                    
0000ffe0  __TI_int00                     
0000ffe4  __TI_int02                     
0000ffe6  __TI_int03                     
0000ffea  __TI_int05                     
0000ffec  __TI_int06                     
0000ffee  __TI_int07                     
0000fff0  __TI_int08                     
0000fff2  __TI_int09                     
0000fff4  __TI_int10                     
0000fff6  __TI_int11                     
0000fff8  __TI_int12                     
0000fffa  __TI_int13                     
0000fffc  __TI_int14                     
ffffffff  __TI_pprof_out_hndl            
0000c20c  __TI_printfi_minimal           
ffffffff  __TI_prof_data_size            
ffffffff  __TI_prof_data_start           
0000d188  __TI_readmsg                   
00000000  __TI_tmpnams                   
0000d15a  __TI_writemsg                  
0000c91e  __TI_wrt_ok                    
0000d4ba  __TI_zero_init_nomemset        
ffffffff  __c_args__                     
0000d47a  __mspabi_divu                  
0000d560  __mspabi_func_epilog_1         
0000d55e  __mspabi_func_epilog_2         
0000d55c  __mspabi_func_epilog_3         
0000d55a  __mspabi_func_epilog_4         
0000d558  __mspabi_func_epilog_5         
0000d556  __mspabi_func_epilog_6         
0000d554  __mspabi_func_epilog_7         
0000d4f6  __mspabi_mpyi                  
0000d4f6  __mspabi_mpyi_sw               
0000d47a  __mspabi_remu                  
0000d20c  __mspabi_slli                  
0000d234  __mspabi_slli_1                
0000d222  __mspabi_slli_10               
0000d220  __mspabi_slli_11               
0000d21e  __mspabi_slli_12               
0000d21c  __mspabi_slli_13               
0000d21a  __mspabi_slli_14               
0000d218  __mspabi_slli_15               
0000d232  __mspabi_slli_2                
0000d230  __mspabi_slli_3                
0000d22e  __mspabi_slli_4                
0000d22c  __mspabi_slli_5                
0000d22a  __mspabi_slli_6                
0000d228  __mspabi_slli_7                
0000d226  __mspabi_slli_8                
0000d224  __mspabi_slli_9                
0000cfec  __mspabi_slll_1                
0000cfc8  __mspabi_slll_10               
0000cfc4  __mspabi_slll_11               
0000cfc0  __mspabi_slll_12               
0000cfbc  __mspabi_slll_13               
0000cfb8  __mspabi_slll_14               
0000cfb4  __mspabi_slll_15               
0000cfe8  __mspabi_slll_2                
0000cfe4  __mspabi_slll_3                
0000cfe0  __mspabi_slll_4                
0000cfdc  __mspabi_slll_5                
0000cfd8  __mspabi_slll_6                
0000cfd4  __mspabi_slll_7                
0000cfd0  __mspabi_slll_8                
0000cfcc  __mspabi_slll_9                
0000d1e0  __mspabi_srai                  
0000d208  __mspabi_srai_1                
0000d1f6  __mspabi_srai_10               
0000d1f4  __mspabi_srai_11               
0000d1f2  __mspabi_srai_12               
0000d1f0  __mspabi_srai_13               
0000d1ee  __mspabi_srai_14               
0000d1ec  __mspabi_srai_15               
0000d206  __mspabi_srai_2                
0000d204  __mspabi_srai_3                
0000d202  __mspabi_srai_4                
0000d200  __mspabi_srai_5                
0000d1fe  __mspabi_srai_6                
0000d1fc  __mspabi_srai_7                
0000d1fa  __mspabi_srai_8                
0000d1f8  __mspabi_srai_9                
0000cdce  __mspabi_srli                  
0000ce14  __mspabi_srli_1                
0000cdf0  __mspabi_srli_10               
0000cdec  __mspabi_srli_11               
0000cde8  __mspabi_srli_12               
0000cde4  __mspabi_srli_13               
0000cde0  __mspabi_srli_14               
0000cddc  __mspabi_srli_15               
0000ce10  __mspabi_srli_2                
0000ce0c  __mspabi_srli_3                
0000ce08  __mspabi_srli_4                
0000ce04  __mspabi_srli_5                
0000ce00  __mspabi_srli_6                
0000cdfc  __mspabi_srli_7                
0000cdf8  __mspabi_srli_8                
0000cdf4  __mspabi_srli_9                
0000d3aa  _c_int00_noargs                
00000078  _device                        
00000000  _ftable                        
000000f6  _lock                          
0000d5be  _nop                           
0000fffe  _reset_vector                  
000003b0  _stack                         
000000c6  _stream                        
00000320  _sys_memory                    
0000d5c0  _system_post_cinit             
0000d5b2  _system_pre_init               
000000f8  _unlock                        
0000d5a8  abort                          
0000c116  aligned_alloc                  
0000cd80  boardInit                      
0000d1b4  check_comm                     
0000ce1a  close                          
0000ceee  exit                           
0000d096  finddevice                     
0000c78a  fputc                          
0000c2f8  fputs                          
0000c3e2  free                           
0000ca0a  fseek                          
0000ca0a  fseeko                         
0000ccd6  getdevice                      
0000c6ee  gpioMode                       
0000cd2e  gpioWrite                      
0000d2dc  lseek                          
0000d38c  main                           
0000d594  malloc                         
0000c116  memalign                       
0000d34a  memccpy                        
0000d4ce  memchr                         
0000d542  memcpy                         
0000d4e2  memset                         
000000f4  parmbuf                        
0000cff2  printf                         
0000c78a  putc                           
0000d2b4  remove                         
000000ee  rtiCallback                    
0000d302  rtiInit                        
0000d36c  rti_isr                        
0000c4b4  setvbuf                        
0000d3fe  strchr                         
0000d44a  strcmp                         
0000d564  strcpy                         
0000d574  strlen                         
0000d238  strncpy                        
0000d3e2  systemInitFirst                
0000d5ba  systemInitLast                 
0000d490  timerGetId                     
0000d50a  timerInit                      
0000ce64  timerStart                     
0000d418  timer_set_init                 
0000d462  uart_get_char                  
0000cd80  uart_init                      
0000d0ca  uart_read_line                 
0000d28c  uart_rx_isr                    
0000d2b4  unlink                         
0000d326  write                          


GLOBAL SYMBOLS: SORTED BY Symbol Address 

address   name                           
-------   ----                           
00000000  IE1                            
00000000  __TI_tmpnams                   
00000000  _ftable                        
00000001  IE2                            
00000002  IFG1                           
00000003  IFG2                           
00000010  P3REN                          
00000018  P3IN                           
00000019  P3OUT                          
0000001a  P3DIR                          
0000001b  P3SEL                          
00000020  P1IN                           
00000021  P1OUT                          
00000022  P1DIR                          
00000023  P1IFG                          
00000024  P1IES                          
00000025  P1IE                           
00000026  P1SEL                          
00000027  P1REN                          
00000028  P2IN                           
00000029  P2OUT                          
0000002a  P2DIR                          
0000002b  P2IFG                          
0000002c  P2IES                          
0000002d  P2IE                           
0000002e  P2SEL                          
0000002f  P2REN                          
00000041  P1SEL2                         
00000042  P2SEL2                         
00000043  P3SEL2                         
00000048  ADC10DTC0                      
00000049  ADC10DTC1                      
0000004a  ADC10AE0                       
00000050  __STACK_SIZE                   
00000050  __SYSMEM_SIZE                  
00000053  BCSCTL3                        
00000056  DCOCTL                         
00000057  BCSCTL1                        
00000058  BCSCTL2                        
00000059  CACTL1                         
0000005a  CACTL2                         
0000005b  CAPD                           
0000005d  UCA0ABCTL                      
0000005e  UCA0IRTCTL                     
0000005f  UCA0IRRCTL                     
00000060  UCA0CTL0                       
00000061  UCA0CTL1                       
00000062  UCA0BR0                        
00000063  UCA0BR1                        
00000064  UCA0MCTL                       
00000065  UCA0STAT                       
00000066  UCA0RXBUF                      
00000067  UCA0TXBUF                      
00000068  UCB0CTL0                       
00000069  UCB0CTL1                       
0000006a  UCB0BR0                        
0000006b  UCB0BR1                        
0000006c  UCB0I2CIE                      
0000006d  UCB0STAT                       
0000006e  UCB0RXBUF                      
0000006f  UCB0TXBUF                      
00000078  _device                        
000000c6  _stream                        
000000ee  rtiCallback                    
000000f2  __TI_cleanup_ptr               
000000f4  __TI_dtors_ptr                 
000000f4  parmbuf                        
000000f6  _lock                          
000000f8  _unlock                        
000000fa  __TI_ft_end                    
000000fc  __TI_enable_exit_profile_output
00000118  UCB0I2COA                      
0000011a  UCB0I2CSA                      
0000011e  TA1IV                          
00000120  WDTCTL                         
00000128  FCTL1                          
0000012a  FCTL2                          
0000012c  FCTL3                          
0000012e  TA0IV                          
00000160  TA0CTL                         
00000162  TA0CCTL0                       
00000164  TA0CCTL1                       
00000166  TA0CCTL2                       
00000170  TA0R                           
00000172  TA0CCR0                        
00000174  TA0CCR1                        
00000176  TA0CCR2                        
00000180  TA1CTL                         
00000182  TA1CCTL0                       
00000184  TA1CCTL1                       
00000186  TA1CCTL2                       
00000190  TA1R                           
00000192  TA1CCR0                        
00000194  TA1CCR1                        
00000196  TA1CCR2                        
000001b0  ADC10CTL0                      
000001b2  ADC10CTL1                      
000001b4  ADC10MEM                       
000001bc  ADC10SA                        
00000200  _CIOBUF_                       
00000320  _sys_memory                    
000003b0  _stack                         
00000400  __STACK_END                    
000010c0  TLV_CHECKSUM                   
000010da  TLV_ADC10_1_TAG                
000010db  TLV_ADC10_1_LEN                
000010f6  TLV_DCO_30_TAG                 
000010f7  TLV_DCO_30_LEN                 
000010f8  CALDCO_16MHZ                   
000010f9  CALBC1_16MHZ                   
000010fa  CALDCO_12MHZ                   
000010fb  CALBC1_12MHZ                   
000010fc  CALDCO_8MHZ                    
000010fd  CALBC1_8MHZ                    
000010fe  CALDCO_1MHZ                    
000010ff  CALBC1_1MHZ                    
0000c116  aligned_alloc                  
0000c116  memalign                       
0000c20c  __TI_printfi_minimal           
0000c2f8  fputs                          
0000c3e2  free                           
0000c4b4  setvbuf                        
0000c6ee  gpioMode                       
0000c78a  fputc                          
0000c78a  putc                           
0000c81a  HOSTlseek                      
0000c8a2  __TI_decompress_lzss           
0000c91e  __TI_wrt_ok                    
0000c998  __TI_closefile                 
0000ca0a  fseek                          
0000ca0a  fseeko                         
0000ca7a  HOSTrename                     
0000cb4c  HOSTopen                       
0000cbb2  HOSTwrite                      
0000cc14  __TI_doflush                   
0000cc76  HOSTread                       
0000ccd6  getdevice                      
0000cd2e  gpioWrite                      
0000cd80  boardInit                      
0000cd80  uart_init                      
0000cdce  __mspabi_srli                  
0000cddc  __mspabi_srli_15               
0000cde0  __mspabi_srli_14               
0000cde4  __mspabi_srli_13               
0000cde8  __mspabi_srli_12               
0000cdec  __mspabi_srli_11               
0000cdf0  __mspabi_srli_10               
0000cdf4  __mspabi_srli_9                
0000cdf8  __mspabi_srli_8                
0000cdfc  __mspabi_srli_7                
0000ce00  __mspabi_srli_6                
0000ce04  __mspabi_srli_5                
0000ce08  __mspabi_srli_4                
0000ce0c  __mspabi_srli_3                
0000ce10  __mspabi_srli_2                
0000ce14  __mspabi_srli_1                
0000ce1a  close                          
0000ce64  timerStart                     
0000ceaa  HOSTclose                      
0000ceee  exit                           
0000cf32  __TI_auto_init_nobinit_nopinit 
0000cf74  HOSTunlink                     
0000cfb4  __mspabi_slll_15               
0000cfb8  __mspabi_slll_14               
0000cfbc  __mspabi_slll_13               
0000cfc0  __mspabi_slll_12               
0000cfc4  __mspabi_slll_11               
0000cfc8  __mspabi_slll_10               
0000cfcc  __mspabi_slll_9                
0000cfd0  __mspabi_slll_8                
0000cfd4  __mspabi_slll_7                
0000cfd8  __mspabi_slll_6                
0000cfdc  __mspabi_slll_5                
0000cfe0  __mspabi_slll_4                
0000cfe4  __mspabi_slll_3                
0000cfe8  __mspabi_slll_2                
0000cfec  __mspabi_slll_1                
0000cff2  printf                         
0000d02e  AppInit                        
0000d062  __TI_cleanup                   
0000d096  finddevice                     
0000d0ca  uart_read_line                 
0000d0fc  PushQueue                      
0000d12c  PullQueue                      
0000d15a  __TI_writemsg                  
0000d184  C$$IO$$                        
0000d188  __TI_readmsg                   
0000d1b4  check_comm                     
0000d1e0  __mspabi_srai                  
0000d1ec  __mspabi_srai_15               
0000d1ee  __mspabi_srai_14               
0000d1f0  __mspabi_srai_13               
0000d1f2  __mspabi_srai_12               
0000d1f4  __mspabi_srai_11               
0000d1f6  __mspabi_srai_10               
0000d1f8  __mspabi_srai_9                
0000d1fa  __mspabi_srai_8                
0000d1fc  __mspabi_srai_7                
0000d1fe  __mspabi_srai_6                
0000d200  __mspabi_srai_5                
0000d202  __mspabi_srai_4                
0000d204  __mspabi_srai_3                
0000d206  __mspabi_srai_2                
0000d208  __mspabi_srai_1                
0000d20c  __mspabi_slli                  
0000d218  __mspabi_slli_15               
0000d21a  __mspabi_slli_14               
0000d21c  __mspabi_slli_13               
0000d21e  __mspabi_slli_12               
0000d220  __mspabi_slli_11               
0000d222  __mspabi_slli_10               
0000d224  __mspabi_slli_9                
0000d226  __mspabi_slli_8                
0000d228  __mspabi_slli_7                
0000d22a  __mspabi_slli_6                
0000d22c  __mspabi_slli_5                
0000d22e  __mspabi_slli_4                
0000d230  __mspabi_slli_3                
0000d232  __mspabi_slli_2                
0000d234  __mspabi_slli_1                
0000d238  strncpy                        
0000d28c  uart_rx_isr                    
0000d2b4  remove                         
0000d2b4  unlink                         
0000d2dc  lseek                          
0000d302  rtiInit                        
0000d326  write                          
0000d34a  memccpy                        
0000d36c  rti_isr                        
0000d38c  main                           
0000d3aa  _c_int00_noargs                
0000d3e2  systemInitFirst                
0000d3fe  strchr                         
0000d418  timer_set_init                 
0000d432  LED_status                     
0000d44a  strcmp                         
0000d462  uart_get_char                  
0000d47a  __mspabi_divu                  
0000d47a  __mspabi_remu                  
0000d490  timerGetId                     
0000d4a6  LED_conectionStatus_init       
0000d4ba  __TI_zero_init_nomemset        
0000d4ce  memchr                         
0000d4e2  memset                         
0000d4f6  __mspabi_mpyi                  
0000d4f6  __mspabi_mpyi_sw               
0000d50a  timerInit                      
0000d51e  QueueInit                      
0000d530  __TI_decompress_none           
0000d542  memcpy                         
0000d554  __mspabi_func_epilog_7         
0000d556  __mspabi_func_epilog_6         
0000d558  __mspabi_func_epilog_5         
0000d55a  __mspabi_func_epilog_4         
0000d55c  __mspabi_func_epilog_3         
0000d55e  __mspabi_func_epilog_2         
0000d560  __mspabi_func_epilog_1         
0000d564  strcpy                         
0000d574  strlen                         
0000d58c  __TI_ISR_TRAP                  
0000d594  malloc                         
0000d59c  QueueStatus                    
0000d5a8  C$$EXIT                        
0000d5a8  abort                          
0000d5b2  _system_pre_init               
0000d5ba  systemInitLast                 
0000d5be  _nop                           
0000d5c0  _system_post_cinit             
0000d646  __TI_Handler_Table_Base        
0000d64c  __TI_Handler_Table_Limit       
0000d650  __TI_CINIT_Base                
0000d658  __TI_CINIT_Limit               
0000d658  __TI_CINIT_Warm                
0000ffe0  __TI_int00                     
0000ffe4  __TI_int02                     
0000ffe6  __TI_int03                     
0000ffea  __TI_int05                     
0000ffec  __TI_int06                     
0000ffee  __TI_int07                     
0000fff0  __TI_int08                     
0000fff2  __TI_int09                     
0000fff4  __TI_int10                     
0000fff6  __TI_int11                     
0000fff8  __TI_int12                     
0000fffa  __TI_int13                     
0000fffc  __TI_int14                     
0000fffe  _reset_vector                  
ffffffff  __TI_pprof_out_hndl            
ffffffff  __TI_prof_data_size            
ffffffff  __TI_prof_data_start           
ffffffff  __c_args__                     

[291 symbols]
